Archive member included to satisfy reference by file (symbol)

F:/CubeIDE/CUBEIDE/STM32CubeIDE_1.16.1/STM32CubeIDE/plugins/com.st.stm32cube.ide.mcu.externaltools.gnu-tools-for-stm32.12.3.rel1.win32_1.0.200.202406191623/tools/bin/../lib/gcc/arm-none-eabi/12.3.1/../../../../arm-none-eabi/lib/thumb/v7e-m+fp/hard\libstdc++_nano.a(del_op.o)
                              ./Core/Src/main.o (operator delete(void*))
F:/CubeIDE/CUBEIDE/STM32CubeIDE_1.16.1/STM32CubeIDE/plugins/com.st.stm32cube.ide.mcu.externaltools.gnu-tools-for-stm32.12.3.rel1.win32_1.0.200.202406191623/tools/bin/../lib/gcc/arm-none-eabi/12.3.1/../../../../arm-none-eabi/lib/thumb/v7e-m+fp/hard\libstdc++_nano.a(del_ops.o)
                              ./Core/Src/main.o (operator delete(void*, unsigned int))
F:/CubeIDE/CUBEIDE/STM32CubeIDE_1.16.1/STM32CubeIDE/plugins/com.st.stm32cube.ide.mcu.externaltools.gnu-tools-for-stm32.12.3.rel1.win32_1.0.200.202406191623/tools/bin/../lib/gcc/arm-none-eabi/12.3.1/../../../../arm-none-eabi/lib/thumb/v7e-m+fp/hard\libstdc++_nano.a(new_op.o)
                              ./Core/Src/main.o (operator new(unsigned int))
F:/CubeIDE/CUBEIDE/STM32CubeIDE_1.16.1/STM32CubeIDE/plugins/com.st.stm32cube.ide.mcu.externaltools.gnu-tools-for-stm32.12.3.rel1.win32_1.0.200.202406191623/tools/bin/../lib/gcc/arm-none-eabi/12.3.1/../../../../arm-none-eabi/lib/thumb/v7e-m+fp/hard\libstdc++_nano.a(new_opv.o)
                              ./Core/Src/main.o (operator new[](unsigned int))
F:/CubeIDE/CUBEIDE/STM32CubeIDE_1.16.1/STM32CubeIDE/plugins/com.st.stm32cube.ide.mcu.externaltools.gnu-tools-for-stm32.12.3.rel1.win32_1.0.200.202406191623/tools/bin/../lib/gcc/arm-none-eabi/12.3.1/../../../../arm-none-eabi/lib/thumb/v7e-m+fp/hard\libstdc++_nano.a(functexcept.o)
                              ./Core/Src/main.o (std::__throw_bad_alloc())
F:/CubeIDE/CUBEIDE/STM32CubeIDE_1.16.1/STM32CubeIDE/plugins/com.st.stm32cube.ide.mcu.externaltools.gnu-tools-for-stm32.12.3.rel1.win32_1.0.200.202406191623/tools/bin/../lib/gcc/arm-none-eabi/12.3.1/../../../../arm-none-eabi/lib/thumb/v7e-m+fp/hard\libstdc++_nano.a(new_handler.o)
                              F:/CubeIDE/CUBEIDE/STM32CubeIDE_1.16.1/STM32CubeIDE/plugins/com.st.stm32cube.ide.mcu.externaltools.gnu-tools-for-stm32.12.3.rel1.win32_1.0.200.202406191623/tools/bin/../lib/gcc/arm-none-eabi/12.3.1/../../../../arm-none-eabi/lib/thumb/v7e-m+fp/hard\libstdc++_nano.a(new_op.o) (std::get_new_handler())
F:/CubeIDE/CUBEIDE/STM32CubeIDE_1.16.1/STM32CubeIDE/plugins/com.st.stm32cube.ide.mcu.externaltools.gnu-tools-for-stm32.12.3.rel1.win32_1.0.200.202406191623/tools/bin/../lib/gcc/arm-none-eabi/12.3.1/../../../../arm-none-eabi/lib/thumb/v7e-m+fp/hard\libc_nano.a(libc_a-abort.o)
                              F:/CubeIDE/CUBEIDE/STM32CubeIDE_1.16.1/STM32CubeIDE/plugins/com.st.stm32cube.ide.mcu.externaltools.gnu-tools-for-stm32.12.3.rel1.win32_1.0.200.202406191623/tools/bin/../lib/gcc/arm-none-eabi/12.3.1/../../../../arm-none-eabi/lib/thumb/v7e-m+fp/hard\libstdc++_nano.a(new_op.o) (abort)
F:/CubeIDE/CUBEIDE/STM32CubeIDE_1.16.1/STM32CubeIDE/plugins/com.st.stm32cube.ide.mcu.externaltools.gnu-tools-for-stm32.12.3.rel1.win32_1.0.200.202406191623/tools/bin/../lib/gcc/arm-none-eabi/12.3.1/../../../../arm-none-eabi/lib/thumb/v7e-m+fp/hard\libc_nano.a(libc_a-exit.o)
                              F:/CubeIDE/CUBEIDE/STM32CubeIDE_1.16.1/STM32CubeIDE/plugins/com.st.stm32cube.ide.mcu.externaltools.gnu-tools-for-stm32.12.3.rel1.win32_1.0.200.202406191623/tools/bin/../lib/gcc/arm-none-eabi/12.3.1/../../../../arm-none-eabi/lib/thumb/v7e-m+fp/hard/crt0.o (exit)
F:/CubeIDE/CUBEIDE/STM32CubeIDE_1.16.1/STM32CubeIDE/plugins/com.st.stm32cube.ide.mcu.externaltools.gnu-tools-for-stm32.12.3.rel1.win32_1.0.200.202406191623/tools/bin/../lib/gcc/arm-none-eabi/12.3.1/../../../../arm-none-eabi/lib/thumb/v7e-m+fp/hard\libc_nano.a(libc_a-malloc.o)
                              F:/CubeIDE/CUBEIDE/STM32CubeIDE_1.16.1/STM32CubeIDE/plugins/com.st.stm32cube.ide.mcu.externaltools.gnu-tools-for-stm32.12.3.rel1.win32_1.0.200.202406191623/tools/bin/../lib/gcc/arm-none-eabi/12.3.1/../../../../arm-none-eabi/lib/thumb/v7e-m+fp/hard\libstdc++_nano.a(new_op.o) (malloc)
F:/CubeIDE/CUBEIDE/STM32CubeIDE_1.16.1/STM32CubeIDE/plugins/com.st.stm32cube.ide.mcu.externaltools.gnu-tools-for-stm32.12.3.rel1.win32_1.0.200.202406191623/tools/bin/../lib/gcc/arm-none-eabi/12.3.1/../../../../arm-none-eabi/lib/thumb/v7e-m+fp/hard\libc_nano.a(libc_a-mallocr.o)
                              F:/CubeIDE/CUBEIDE/STM32CubeIDE_1.16.1/STM32CubeIDE/plugins/com.st.stm32cube.ide.mcu.externaltools.gnu-tools-for-stm32.12.3.rel1.win32_1.0.200.202406191623/tools/bin/../lib/gcc/arm-none-eabi/12.3.1/../../../../arm-none-eabi/lib/thumb/v7e-m+fp/hard\libc_nano.a(libc_a-malloc.o) (_malloc_r)
[...]
Memory Configuration

Name             Origin             Length             Attributes
RAM              0x20000000         0x00020000         xrw
FLASH            0x08000000         0x00080000         xr
*default*        0x00000000         0xffffffff

Linker script and memory map

LOAD F:/CubeIDE/CUBEIDE/STM32CubeIDE_1.16.1/STM32CubeIDE/plugins/com.st.stm32cube.ide.mcu.externaltools.gnu-tools-for-stm32.12.3.rel1.win32_1.0.200.202406191623/tools/bin/../lib/gcc/arm-none-eabi/12.3.1/thumb/v7e-m+fp/hard/crti.o
LOAD F:/CubeIDE/CUBEIDE/STM32CubeIDE_1.16.1/STM32CubeIDE/plugins/com.st.stm32cube.ide.mcu.externaltools.gnu-tools-for-stm32.12.3.rel1.win32_1.0.200.202406191623/tools/bin/../lib/gcc/arm-none-eabi/12.3.1/thumb/v7e-m+fp/hard/crtbegin.o
LOAD F:/CubeIDE/CUBEIDE/STM32CubeIDE_1.16.1/STM32CubeIDE/plugins/com.st.stm32cube.ide.mcu.externaltools.gnu-tools-for-stm32.12.3.rel1.win32_1.0.200.202406191623/tools/bin/../lib/gcc/arm-none-eabi/12.3.1/../../../../arm-none-eabi/lib/thumb/v7e-m+fp/hard/crt0.o
LOAD ./Core/Src/adc.o
LOAD ./Core/Src/dma.o
LOAD ./Core/Src/gpio.o
LOAD ./Core/Src/hrtim.o
LOAD ./Core/Src/main.o
LOAD ./Core/Src/stm32g4xx_hal_msp.o
LOAD ./Core/Src/stm32g4xx_it.o
LOAD ./Core/Src/syscalls.o
LOAD ./Core/Src/sysmem.o
LOAD ./Core/Src/system_stm32g4xx.o
LOAD ./Core/Src/usart.o
LOAD ./Core/Startup/startup_stm32g474retx.o
LOAD ./Drivers/STM32G4xx_HAL_Driver/Src/stm32g4xx_hal.o
LOAD ./Drivers/STM32G4xx_HAL_Driver/Src/stm32g4xx_hal_adc.o
LOAD ./Drivers/STM32G4xx_HAL_Driver/Src/stm32g4xx_hal_adc_ex.o
LOAD ./Drivers/STM32G4xx_HAL_Driver/Src/stm32g4xx_hal_cortex.o
LOAD ./Drivers/STM32G4xx_HAL_Driver/Src/stm32g4xx_hal_dma.o
LOAD ./Drivers/STM32G4xx_HAL_Driver/Src/stm32g4xx_hal_dma_ex.o
LOAD ./Drivers/STM32G4xx_HAL_Driver/Src/stm32g4xx_hal_exti.o
LOAD ./Drivers/STM32G4xx_HAL_Driver/Src/stm32g4xx_hal_flash.o
LOAD ./Drivers/STM32G4xx_HAL_Driver/Src/stm32g4xx_hal_flash_ex.o
LOAD ./Drivers/STM32G4xx_HAL_Driver/Src/stm32g4xx_hal_flash_ramfunc.o
LOAD ./Drivers/STM32G4xx_HAL_Driver/Src/stm32g4xx_hal_gpio.o
LOAD ./Drivers/STM32G4xx_HAL_Driver/Src/stm32g4xx_hal_hrtim.o
LOAD ./Drivers/STM32G4xx_HAL_Driver/Src/stm32g4xx_hal_pwr.o
LOAD ./Drivers/STM32G4xx_HAL_Driver/Src/stm32g4xx_hal_pwr_ex.o
LOAD ./Drivers/STM32G4xx_HAL_Driver/Src/stm32g4xx_hal_rcc.o
LOAD ./Drivers/STM32G4xx_HAL_Driver/Src/stm32g4xx_hal_rcc_ex.o
LOAD ./Drivers/STM32G4xx_HAL_Driver/Src/stm32g4xx_hal_tim.o
LOAD ./Drivers/STM32G4xx_HAL_Driver/Src/stm32g4xx_hal_tim_ex.o
LOAD ./Drivers/STM32G4xx_HAL_Driver/Src/stm32g4xx_hal_uart.o
LOAD ./Drivers/STM32G4xx_HAL_Driver/Src/stm32g4xx_hal_uart_ex.o
LOAD ./Drivers/STM32G4xx_HAL_Driver/Src/stm32g4xx_ll_adc.o
LOAD ./Port/Src/stm32_callback.o
START GROUP
LOAD F:/CubeIDE/CUBEIDE/STM32CubeIDE_1.16.1/STM32CubeIDE/plugins/com.st.stm32cube.ide.mcu.externaltools.gnu-tools-for-stm32.12.3.rel1.win32_1.0.200.202406191623/tools/bin/../lib/gcc/arm-none-eabi/12.3.1/../../../../arm-none-eabi/lib/thumb/v7e-m+fp/hard\libstdc++_nano.a
LOAD F:/CubeIDE/CUBEIDE/STM32CubeIDE_1.16.1/STM32CubeIDE/plugins/com.st.stm32cube.ide.mcu.externaltools.gnu-tools-for-stm32.12.3.rel1.win32_1.0.200.202406191623/tools/bin/../lib/gcc/arm-none-eabi/12.3.1/../../../../arm-none-eabi/lib/thumb/v7e-m+fp/hard\libsupc++_nano.a
END GROUP
LOAD F:/CubeIDE/CUBEIDE/STM32CubeIDE_1.16.1/STM32CubeIDE/plugins/com.st.stm32cube.ide.mcu.externaltools.gnu-tools-for-stm32.12.3.rel1.win32_1.0.200.202406191623/tools/bin/../lib/gcc/arm-none-eabi/12.3.1/../../../../arm-none-eabi/lib/thumb/v7e-m+fp/hard\libstdc++_nano.a
LOAD F:/CubeIDE/CUBEIDE/STM32CubeIDE_1.16.1/STM32CubeIDE/plugins/com.st.stm32cube.ide.mcu.externaltools.gnu-tools-for-stm32.12.3.rel1.win32_1.0.200.202406191623/tools/bin/../lib/gcc/arm-none-eabi/12.3.1/../../../../arm-none-eabi/lib/thumb/v7e-m+fp/hard\libm.a
LOAD F:/CubeIDE/CUBEIDE/STM32CubeIDE_1.16.1/STM32CubeIDE/plugins/com.st.stm32cube.ide.mcu.externaltools.gnu-tools-for-stm32.12.3.rel1.win32_1.0.200.202406191623/tools/bin/../lib/gcc/arm-none-eabi/12.3.1/../../../../arm-none-eabi/lib/thumb/v7e-m+fp/hard\libc_nano.a
START GROUP
LOAD F:/CubeIDE/CUBEIDE/STM32CubeIDE_1.16.1/STM32CubeIDE/plugins/com.st.stm32cube.ide.mcu.externaltools.gnu-tools-for-stm32.12.3.rel1.win32_1.0.200.202406191623/tools/bin/../lib/gcc/arm-none-eabi/12.3.1/thumb/v7e-m+fp/hard\libgcc.a
LOAD F:/CubeIDE/CUBEIDE/STM32CubeIDE_1.16.1/STM32CubeIDE/plugins/com.st.stm32cube.ide.mcu.externaltools.gnu-tools-for-stm32.12.3.rel1.win32_1.0.200.202406191623/tools/bin/../lib/gcc/arm-none-eabi/12.3.1/../../../../arm-none-eabi/lib/thumb/v7e-m+fp/hard\libc_nano.a
END GROUP
START GROUP
LOAD F:/CubeIDE/CUBEIDE/STM32CubeIDE_1.16.1/STM32CubeIDE/plugins/com.st.stm32cube.ide.mcu.externaltools.gnu-tools-for-stm32.12.3.rel1.win32_1.0.200.202406191623/tools/bin/../lib/gcc/arm-none-eabi/12.3.1/thumb/v7e-m+fp/hard\libgcc.a
LOAD F:/CubeIDE/CUBEIDE/STM32CubeIDE_1.16.1/STM32CubeIDE/plugins/com.st.stm32cube.ide.mcu.externaltools.gnu-tools-for-stm32.12.3.rel1.win32_1.0.200.202406191623/tools/bin/../lib/gcc/arm-none-eabi/12.3.1/../../../../arm-none-eabi/lib/thumb/v7e-m+fp/hard\libc_nano.a
LOAD F:/CubeIDE/CUBEIDE/STM32CubeIDE_1.16.1/STM32CubeIDE/plugins/com.st.stm32cube.ide.mcu.externaltools.gnu-tools-for-stm32.12.3.rel1.win32_1.0.200.202406191623/tools/bin/../lib/gcc/arm-none-eabi/12.3.1/../../../../arm-none-eabi/lib/thumb/v7e-m+fp/hard\libnosys.a
END GROUP
START GROUP
LOAD F:/CubeIDE/CUBEIDE/STM32CubeIDE_1.16.1/STM32CubeIDE/plugins/com.st.stm32cube.ide.mcu.externaltools.gnu-tools-for-stm32.12.3.rel1.win32_1.0.200.202406191623/tools/bin/../lib/gcc/arm-none-eabi/12.3.1/thumb/v7e-m+fp/hard\libgcc.a
LOAD F:/CubeIDE/CUBEIDE/STM32CubeIDE_1.16.1/STM32CubeIDE/plugins/com.st.stm32cube.ide.mcu.externaltools.gnu-tools-for-stm32.12.3.rel1.win32_1.0.200.202406191623/tools/bin/../lib/gcc/arm-none-eabi/12.3.1/../../../../arm-none-eabi/lib/thumb/v7e-m+fp/hard\libc_nano.a
LOAD F:/CubeIDE/CUBEIDE/STM32CubeIDE_1.16.1/STM32CubeIDE/plugins/com.st.stm32cube.ide.mcu.externaltools.gnu-tools-for-stm32.12.3.rel1.win32_1.0.200.202406191623/tools/bin/../lib/gcc/arm-none-eabi/12.3.1/../../../../arm-none-eabi/lib/thumb/v7e-m+fp/hard\libnosys.a
END GROUP
LOAD F:/CubeIDE/CUBEIDE/STM32CubeIDE_1.16.1/STM32CubeIDE/plugins/com.st.stm32cube.ide.mcu.externaltools.gnu-tools-for-stm32.12.3.rel1.win32_1.0.200.202406191623/tools/bin/../lib/gcc/arm-none-eabi/12.3.1/thumb/v7e-m+fp/hard/crtend.o
LOAD F:/CubeIDE/CUBEIDE/STM32CubeIDE_1.16.1/STM32CubeIDE/plugins/com.st.stm32cube.ide.mcu.externaltools.gnu-tools-for-stm32.12.3.rel1.win32_1.0.200.202406191623/tools/bin/../lib/gcc/arm-none-eabi/12.3.1/thumb/v7e-m+fp/hard/crtn.o
                0x20020000                        _estack = (ORIGIN (RAM) + LENGTH (RAM))
                0x00000200                        _Min_Heap_Size = 0x200
                0x00000400                        _Min_Stack_Size = 0x400

.isr_vector     0x08000000      0x1d8
                0x08000000                        . = ALIGN (0x4)
 *(.isr_vector)
 .isr_vector    0x08000000      0x1d8 ./Core/Startup/startup_stm32g474retx.o
                0x08000000                g_pfnVectors
                0x080001d8                        . = ALIGN (0x4)

.text           0x080001e0     0xf55c
                0x080001e0                        . = ALIGN (0x4)
 *(.text)
 .text          0x080001e0       0x40 F:/CubeIDE/CUBEIDE/STM32CubeIDE_1.16.1/STM32CubeIDE/plugins/com.st.stm32cube.ide.mcu.externaltools.gnu-tools-for-stm32.12.3.rel1.win32_1.0.200.202406191623/tools/bin/../lib/gcc/arm-none-eabi/12.3.1/thumb/v7e-m+fp/hard/crtbegin.o
 .text          0x08000220       0xa0 F:/CubeIDE/CUBEIDE/STM32CubeIDE_1.16.1/STM32CubeIDE/plugins/com.st.stm32cube.ide.mcu.externaltools.gnu-tools-for-stm32.12.3.rel1.win32_1.0.200.202406191623/tools/bin/../lib/gcc/arm-none-eabi/12.3.1/../../../../arm-none-eabi/lib/thumb/v7e-m+fp/hard\libc_nano.a(libc_a-memchr.o)
                0x08000220                memchr
 .text          0x080002c0       0x10 F:/CubeIDE/CUBEIDE/STM32CubeIDE_1.16.1/STM32CubeIDE/plugins/com.st.stm32cube.ide.mcu.externaltools.gnu-tools-for-stm32.12.3.rel1.win32_1.0.200.202406191623/tools/bin/../lib/gcc/arm-none-eabi/12.3.1/../../../../arm-none-eabi/lib/thumb/v7e-m+fp/hard\libc_nano.a(libc_a-strlen.o)
                0x080002c0                strlen
 .text          0x080002d0      0x378 F:/CubeIDE/CUBEIDE/STM32CubeIDE_1.16.1/STM32CubeIDE/plugins/com.st.stm32cube.ide.mcu.externaltools.gnu-tools-for-stm32.12.3.rel1.win32_1.0.200.202406191623/tools/bin/../lib/gcc/arm-none-eabi/12.3.1/thumb/v7e-m+fp/hard\libgcc.a(_arm_addsubdf3.o)
                0x080002d0                __aeabi_drsub
                0x080002d8                __aeabi_dsub
                0x080002d8                __subdf3
                0x080002dc                __aeabi_dadd
                0x080002dc                __adddf3
                0x08000554                __floatunsidf
                0x08000554                __aeabi_ui2d
                0x08000574                __floatsidf
                0x08000574                __aeabi_i2d
                0x08000598                __aeabi_f2d
                0x08000598                __extendsfdf2
                0x080005dc                __floatundidf
                0x080005dc                __aeabi_ul2d
                0x080005ec                __floatdidf
                0x080005ec                __aeabi_l2d
 .text          0x08000648      0x424 F:/CubeIDE/CUBEIDE/STM32CubeIDE_1.16.1/STM32CubeIDE/plugins/com.st.stm32cube.ide.mcu.externaltools.gnu-tools-for-stm32.12.3.rel1.win32_1.0.200.202406191623/tools/bin/../lib/gcc/arm-none-eabi/12.3.1/thumb/v7e-m+fp/hard\libgcc.a(_arm_muldivdf3.o)
                0x08000648                __aeabi_dmul
                0x08000648                __muldf3
                0x0800089c                __divdf3
                0x0800089c                __aeabi_ddiv
 .text          0x08000a6c      0x110 F:/CubeIDE/CUBEIDE/STM32CubeIDE_1.16.1/STM32CubeIDE/plugins/com.st.stm32cube.ide.mcu.externaltools.gnu-tools-for-stm32.12.3.rel1.win32_1.0.200.202406191623/tools/bin/../lib/gcc/arm-none-eabi/12.3.1/thumb/v7e-m+fp/hard\libgcc.a(_arm_cmpdf2.o)
                0x08000a6c                __gtdf2
                0x08000a6c                __gedf2
                0x08000a74                __ltdf2
                0x08000a74                __ledf2
                0x08000a7c                __nedf2
                0x08000a7c                __eqdf2
                0x08000a7c                __cmpdf2
                0x08000af8                __aeabi_cdrcmple
                0x08000b08                __aeabi_cdcmpeq
                0x08000b08                __aeabi_cdcmple
                0x08000b18                __aeabi_dcmpeq
                0x08000b2c                __aeabi_dcmplt
                0x08000b40                __aeabi_dcmple
                0x08000b54                __aeabi_dcmpge
                0x08000b68                __aeabi_dcmpgt
 .text          0x08000b7c       0x2c F:/CubeIDE/CUBEIDE/STM32CubeIDE_1.16.1/STM32CubeIDE/plugins/com.st.stm32cube.ide.mcu.externaltools.gnu-tools-for-stm32.12.3.rel1.win32_1.0.200.202406191623/tools/bin/../lib/gcc/arm-none-eabi/12.3.1/thumb/v7e-m+fp/hard\libgcc.a(_arm_unorddf2.o)
                0x08000b7c                __unorddf2
                0x08000b7c                __aeabi_dcmpun
 .text          0x08000ba8       0x50 F:/CubeIDE/CUBEIDE/STM32CubeIDE_1.16.1/STM32CubeIDE/plugins/com.st.stm32cube.ide.mcu.externaltools.gnu-tools-for-stm32.12.3.rel1.win32_1.0.200.202406191623/tools/bin/../lib/gcc/arm-none-eabi/12.3.1/thumb/v7e-m+fp/hard\libgcc.a(_arm_fixdfsi.o)
                0x08000ba8                __aeabi_d2iz
                0x08000ba8                __fixdfsi
 .text          0x08000bf8       0x40 F:/CubeIDE/CUBEIDE/STM32CubeIDE_1.16.1/STM32CubeIDE/plugins/com.st.stm32cube.ide.mcu.externaltools.gnu-tools-for-stm32.12.3.rel1.win32_1.0.200.202406191623/tools/bin/../lib/gcc/arm-none-eabi/12.3.1/thumb/v7e-m+fp/hard\libgcc.a(_arm_fixunsdfsi.o)
                0x08000bf8                __aeabi_d2uiz
                0x08000bf8                __fixunsdfsi
 .text          0x08000c38       0xa0 F:/CubeIDE/CUBEIDE/STM32CubeIDE_1.16.1/STM32CubeIDE/plugins/com.st.stm32cube.ide.mcu.externaltools.gnu-tools-for-stm32.12.3.rel1.win32_1.0.200.202406191623/tools/bin/../lib/gcc/arm-none-eabi/12.3.1/thumb/v7e-m+fp/hard\libgcc.a(_arm_truncdfsf2.o)
                0x08000c38                __truncdfsf2
                0x08000c38                __aeabi_d2f
 .text          0x08000cd8       0x30 F:/CubeIDE/CUBEIDE/STM32CubeIDE_1.16.1/STM32CubeIDE/plugins/com.st.stm32cube.ide.mcu.externaltools.gnu-tools-for-stm32.12.3.rel1.win32_1.0.200.202406191623/tools/bin/../lib/gcc/arm-none-eabi/12.3.1/thumb/v7e-m+fp/hard\libgcc.a(_aeabi_uldivmod.o)
                0x08000cd8                __aeabi_uldivmod
 .text          0x08000d08       0x30 F:/CubeIDE/CUBEIDE/STM32CubeIDE_1.16.1/STM32CubeIDE/plugins/com.st.stm32cube.ide.mcu.externaltools.gnu-tools-for-stm32.12.3.rel1.win32_1.0.200.202406191623/tools/bin/../lib/gcc/arm-none-eabi/12.3.1/thumb/v7e-m+fp/hard\libgcc.a(_fixdfdi.o)
                0x08000d08                __fixdfdi
                0x08000d08                __aeabi_d2lz
 .text          0x08000d38       0x3c F:/CubeIDE/CUBEIDE/STM32CubeIDE_1.16.1/STM32CubeIDE/plugins/com.st.stm32cube.ide.mcu.externaltools.gnu-tools-for-stm32.12.3.rel1.win32_1.0.200.202406191623/tools/bin/../lib/gcc/arm-none-eabi/12.3.1/thumb/v7e-m+fp/hard\libgcc.a(_fixunsdfdi.o)
                0x08000d38                __fixunsdfdi
                0x08000d38                __aeabi_d2ulz
 .text          0x08000d74      0x2bc F:/CubeIDE/CUBEIDE/STM32CubeIDE_1.16.1/STM32CubeIDE/plugins/com.st.stm32cube.ide.mcu.externaltools.gnu-tools-for-stm32.12.3.rel1.win32_1.0.200.202406191623/tools/bin/../lib/gcc/arm-none-eabi/12.3.1/thumb/v7e-m+fp/hard\libgcc.a(_udivmoddi4.o)
                0x08000d74                __udivmoddi4
 .text          0x08001030        0x4 F:/CubeIDE/CUBEIDE/STM32CubeIDE_1.16.1/STM32CubeIDE/plugins/com.st.stm32cube.ide.mcu.externaltools.gnu-tools-for-stm32.12.3.rel1.win32_1.0.200.202406191623/tools/bin/../lib/gcc/arm-none-eabi/12.3.1/thumb/v7e-m+fp/hard\libgcc.a(_dvmd_tls.o)
                0x08001030                __aeabi_idiv0
                0x08001030                __aeabi_ldiv0
 *(.text*)
 .text.MX_ADC1_Init
                0x08001034      0x184 ./Core/Src/adc.o
                0x08001034                MX_ADC1_Init
 .text.HAL_ADC_MspInit
                0x080011b8      0x2d0 ./Core/Src/adc.o
                0x080011b8                HAL_ADC_MspInit
 .text.MX_DMA_Init
                0x08001488       0x74 ./Core/Src/dma.o
                0x08001488                MX_DMA_Init
 .text.MX_GPIO_Init
                0x080014fc       0xb0 ./Core/Src/gpio.o
                0x080014fc                MX_GPIO_Init
 .text.MX_HRTIM1_Init
                0x080015ac      0x498 ./Core/Src/hrtim.o
                0x080015ac                MX_HRTIM1_Init
 .text.HAL_HRTIM_MspInit
                0x08001a44       0x40 ./Core/Src/hrtim.o
                0x08001a44                HAL_HRTIM_MspInit
 .text.HAL_HRTIM_MspPostInit
                0x08001a84       0xac ./Core/Src/hrtim.o
                0x08001a84                HAL_HRTIM_MspPostInit
 .text._ZSt23__is_constant_evaluatedv
                0x08001b30       0x10 ./Core/Src/main.o
                0x08001b30                std::__is_constant_evaluated()
 .text._ZSt21is_constant_evaluatedv
                0x08001b40       0x10 ./Core/Src/main.o
                0x08001b40                std::is_constant_evaluated()
 .text._ZN24Hardware_STM32_HRTIM_PWM5beginEP19HRTIM_HandleTypeDef27hw_port_hrtim_pwm_channel_t32hw_port_hrtim_pwm_compare_unit_t
                0x08001b50      0x12e ./Core/Src/main.o
                0x08001b50                Hardware_STM32_HRTIM_PWM::begin(HRTIM_HandleTypeDef*, hw_port_hrtim_pwm_channel_t, hw_port_hrtim_pwm_compare_unit_t)
 .text._ZN24Hardware_STM32_HRTIM_PWM9setOutputEv
                0x08001c7e       0x20 ./Core/Src/main.o
                0x08001c7e                Hardware_STM32_HRTIM_PWM::setOutput()
 .text._ZN24Hardware_STM32_HRTIM_PWM12setDutyCycleEf
                0x08001c9e       0xfc ./Core/Src/main.o
                0x08001c9e                Hardware_STM32_HRTIM_PWM::setDutyCycle(float)
 *fill*         0x08001d9a        0x2 
 .text._ZN15stm32_hrtim_pwm15getTimerAOutputEv
                0x08001d9c       0x24 ./Core/Src/main.o
                0x08001d9c                stm32_hrtim_pwm::getTimerAOutput()
 .text._ZnwjPv  0x08001dc0       0x18 ./Core/Src/main.o
                0x08001dc0                operator new(unsigned int, void*)
 .text._ZSt17__size_to_integerj
                0x08001dd8       0x16 ./Core/Src/main.o
                0x08001dd8                std::__size_to_integer(unsigned int)
 .text._ZNSt12_Vector_baseImSaImEE12_Vector_implD2Ev
                0x08001dee       0x18 ./Core/Src/main.o
                0x08001dee                std::_Vector_base<unsigned long, std::allocator<unsigned long> >::_Vector_impl::~_Vector_impl()
                0x08001dee                std::_Vector_base<unsigned long, std::allocator<unsigned long> >::_Vector_impl::~_Vector_impl()
 .text._ZNSt12_Vector_baseImSaImEEC2Ev
                0x08001e06       0x1a ./Core/Src/main.o
                0x08001e06                std::_Vector_base<unsigned long, std::allocator<unsigned long> >::_Vector_base()
                0x08001e06                std::_Vector_base<unsigned long, std::allocator<unsigned long> >::_Vector_base()
 .text._ZNSt6vectorImSaImEEC2Ev
                0x08001e20       0x1a ./Core/Src/main.o
                0x08001e20                std::vector<unsigned long, std::allocator<unsigned long> >::vector()
                0x08001e20                std::vector<unsigned long, std::allocator<unsigned long> >::vector()
 .text._ZN18Hardware_STM32_ADCC2Ev
                0x08001e3a       0x26 ./Core/Src/main.o
                0x08001e3a                Hardware_STM32_ADC::Hardware_STM32_ADC()
                0x08001e3a                Hardware_STM32_ADC::Hardware_STM32_ADC()
 .text._ZN18Hardware_STM32_ADCaSEOS_
                0x08001e60       0x62 ./Core/Src/main.o
                0x08001e60                Hardware_STM32_ADC::operator=(Hardware_STM32_ADC&&)
 .text._ZN18Hardware_STM32_ADC5beginEP17ADC_HandleTypeDef19hw_stm32_adc_mode_t
                0x08001ec2       0x70 ./Core/Src/main.o
                0x08001ec2                Hardware_STM32_ADC::begin(ADC_HandleTypeDef*, hw_stm32_adc_mode_t)
 .text._ZN18Hardware_STM32_ADC14startSample_ITEv
                0x08001f32       0x1a ./Core/Src/main.o
                0x08001f32                Hardware_STM32_ADC::startSample_IT()
 .text._ZN18Hardware_STM32_ADC14readVoltage_ITEv
                0x08001f4c       0x50 ./Core/Src/main.o
                0x08001f4c                Hardware_STM32_ADC::readVoltage_IT()
 .text._ZN18Hardware_STM32_ADC14readCurrent_ITEv
                0x08001f9c       0x50 ./Core/Src/main.o
                0x08001f9c                Hardware_STM32_ADC::readCurrent_IT()
 .text._ZN18Hardware_STM32_ADCD2Ev
                0x08001fec       0x1a ./Core/Src/main.o
                0x08001fec                Hardware_STM32_ADC::~Hardware_STM32_ADC()
                0x08001fec                Hardware_STM32_ADC::~Hardware_STM32_ADC()
 *fill*         0x08002006        0x2 
 .text._ZN9stm32_adc7getADC1Ev
                0x08002008       0x28 ./Core/Src/main.o
                0x08002008                stm32_adc::getADC1()
 .text._ZN20Hardware_STM32_Relay5beginEP12GPIO_TypeDefth
                0x08002030       0x3c ./Core/Src/main.o
                0x08002030                Hardware_STM32_Relay::begin(GPIO_TypeDef*, unsigned short, unsigned char)
 .text._ZN11stm32_relay9getRelay1Ev
                0x0800206c       0x24 ./Core/Src/main.o
                0x0800206c                stm32_relay::getRelay1()
 .text._ZN13stm32_dc_buck10getDCBuck1EP24Hardware_STM32_HRTIM_PWMP18Hardware_STM32_ADCP20Hardware_STM32_Relay
                0x08002090       0x40 ./Core/Src/main.o
                0x08002090                stm32_dc_buck::getDCBuck1(Hardware_STM32_HRTIM_PWM*, Hardware_STM32_ADC*, Hardware_STM32_Relay*)
 .text._ZN22Hardware_STM32_Message5beginEtjP20__UART_HandleTypeDef
                0x080020d0       0x90 ./Core/Src/main.o
                0x080020d0                Hardware_STM32_Message::begin(unsigned short, unsigned int, __UART_HandleTypeDef*)
 .text._ZN22Hardware_STM32_Message12startReceiveEv
                0x08002160       0x16 ./Core/Src/main.o
                0x08002160                Hardware_STM32_Message::startReceive()
 .text._ZN22Hardware_STM32_Message9_startDMAEv
                0x08002176       0x30 ./Core/Src/main.o
                0x08002176                Hardware_STM32_Message::_startDMA()
 .text._ZN22Hardware_STM32_MessageC2Ev
                0x080021a6       0x28 ./Core/Src/main.o
                0x080021a6                Hardware_STM32_Message::Hardware_STM32_Message()
                0x080021a6                Hardware_STM32_Message::Hardware_STM32_Message()
 *fill*         0x080021ce        0x2 
 .text._ZN13stm32_message8getUART1Ev
                0x080021d0       0x28 ./Core/Src/main.o
                0x080021d0                stm32_message::getUART1()
 .text._ZN10stm32_test15timerA_pwm_testEv
                0x080021f8       0x40 ./Core/Src/main.o
                0x080021f8                stm32_test::timerA_pwm_test()
 .text._ZN10stm32_test11adc_it_testEv
                0x08002238       0x5c ./Core/Src/main.o
                0x08002238                stm32_test::adc_it_test()
 .text.main     0x08002294       0xf0 ./Core/Src/main.o
                0x08002294                main
 .text._Z18SystemClock_Configv
                0x08002384       0xac ./Core/Src/main.o
                0x08002384                SystemClock_Config()
 .text.Error_Handler
                0x08002430        0xc ./Core/Src/main.o
                0x08002430                Error_Handler
 .text._ZNSt12_Vector_baseImSaImEE12_Vector_implC2Ev
                0x0800243c       0x20 ./Core/Src/main.o
                0x0800243c                std::_Vector_base<unsigned long, std::allocator<unsigned long> >::_Vector_impl::_Vector_impl()
                0x0800243c                std::_Vector_base<unsigned long, std::allocator<unsigned long> >::_Vector_impl::_Vector_impl()
 .text._ZNSaImED2Ev
                0x0800245c       0x16 ./Core/Src/main.o
                0x0800245c                std::allocator<unsigned long>::~allocator()
                0x0800245c                std::allocator<unsigned long>::~allocator()
 .text._ZNSt12_Vector_baseImSaImEED2Ev
                0x08002472       0x32 ./Core/Src/main.o
                0x08002472                std::_Vector_base<unsigned long, std::allocator<unsigned long> >::~_Vector_base()
                0x08002472                std::_Vector_base<unsigned long, std::allocator<unsigned long> >::~_Vector_base()
 .text._ZNSt6vectorImSaImEED2Ev
                0x080024a4       0x36 ./Core/Src/main.o
                0x080024a4                std::vector<unsigned long, std::allocator<unsigned long> >::~vector()
                0x080024a4                std::vector<unsigned long, std::allocator<unsigned long> >::~vector()
 .text._ZSt4swapIP17ADC_HandleTypeDefENSt9enable_ifIXsrSt6__and_IJSt6__not_ISt15__is_tuple_likeIT_EESt21is_move_constructibleIS6_ESt18is_move_assignableIS6_EEE5valueEvE4typeERS6_SG_
                0x080024da       0x3e ./Core/Src/main.o
                0x080024da                std::enable_if<std::__and_<std::__not_<std::__is_tuple_like<ADC_HandleTypeDef*> >, std::is_move_constructible<ADC_HandleTypeDef*>, std::is_move_assignable<ADC_HandleTypeDef*> >::value, void>::type std::swap<ADC_HandleTypeDef*>(ADC_HandleTypeDef*&, ADC_HandleTypeDef*&)
 .text._ZSt4swapI24hw_stm32_adc_dma_ready_tENSt9enable_ifIXsrSt6__and_IJSt6__not_ISt15__is_tuple_likeIT_EESt21is_move_constructibleIS5_ESt18is_move_assignableIS5_EEE5valueEvE4typeERS5_SF_
                0x08002518       0x3e ./Core/Src/main.o
                0x08002518                std::enable_if<std::__and_<std::__not_<std::__is_tuple_like<hw_stm32_adc_dma_ready_t> >, std::is_move_constructible<hw_stm32_adc_dma_ready_t>, std::is_move_assignable<hw_stm32_adc_dma_ready_t> >::value, void>::type std::swap<hw_stm32_adc_dma_ready_t>(hw_stm32_adc_dma_ready_t&, hw_stm32_adc_dma_ready_t&)
 .text._ZSt4swapI23hw_stm32_adc_it_ready_tENSt9enable_ifIXsrSt6__and_IJSt6__not_ISt15__is_tuple_likeIT_EESt21is_move_constructibleIS5_ESt18is_move_assignableIS5_EEE5valueEvE4typeERS5_SF_
                0x08002556       0x3e ./Core/Src/main.o
                0x08002556                std::enable_if<std::__and_<std::__not_<std::__is_tuple_like<hw_stm32_adc_it_ready_t> >, std::is_move_constructible<hw_stm32_adc_it_ready_t>, std::is_move_assignable<hw_stm32_adc_it_ready_t> >::value, void>::type std::swap<hw_stm32_adc_it_ready_t>(hw_stm32_adc_it_ready_t&, hw_stm32_adc_it_ready_t&)
 .text._ZSt4swapImSaImEEvRSt6vectorIT_T0_ES5_
                0x08002594       0x1a ./Core/Src/main.o
                0x08002594                void std::swap<unsigned long, std::allocator<unsigned long> >(std::vector<unsigned long, std::allocator<unsigned long> >&, std::vector<unsigned long, std::allocator<unsigned long> >&)
 .text._ZNSaImEC2Ev
                0x080025ae       0x18 ./Core/Src/main.o
                0x080025ae                std::allocator<unsigned long>::allocator()
                0x080025ae                std::allocator<unsigned long>::allocator()
 .text._ZNSt6vectorImSaImEEC2EjRKmRKS0_
                0x080025c6       0x38 ./Core/Src/main.o
                0x080025c6                std::vector<unsigned long, std::allocator<unsigned long> >::vector(unsigned int, unsigned long const&, std::allocator<unsigned long> const&)
                0x080025c6                std::vector<unsigned long, std::allocator<unsigned long> >::vector(unsigned int, unsigned long const&, std::allocator<unsigned long> const&)
 .text._ZNSt6vectorImSaImEEaSEOS1_
                0x080025fe       0x2a ./Core/Src/main.o
                0x080025fe                std::vector<unsigned long, std::allocator<unsigned long> >::operator=(std::vector<unsigned long, std::allocator<unsigned long> >&&)
 .text._ZN18Algorithim_DC_BuckI24Hardware_STM32_HRTIM_PWM18Hardware_STM32_ADC20Hardware_STM32_RelayEC2Ev
                0x08002628       0x1c ./Core/Src/main.o
                0x08002628                Algorithim_DC_Buck<Hardware_STM32_HRTIM_PWM, Hardware_STM32_ADC, Hardware_STM32_Relay>::Algorithim_DC_Buck()
                0x08002628                Algorithim_DC_Buck<Hardware_STM32_HRTIM_PWM, Hardware_STM32_ADC, Hardware_STM32_Relay>::Algorithim_DC_Buck()
 .text._ZN18Algorithim_DC_BuckI24Hardware_STM32_HRTIM_PWM18Hardware_STM32_ADC20Hardware_STM32_RelayE5beginEPS0_ffPS1_PS2_fS5_
                0x08002644       0x50 ./Core/Src/main.o
                0x08002644                Algorithim_DC_Buck<Hardware_STM32_HRTIM_PWM, Hardware_STM32_ADC, Hardware_STM32_Relay>::begin(Hardware_STM32_HRTIM_PWM*, float, float, Hardware_STM32_ADC*, Hardware_STM32_Relay*, float, Hardware_STM32_ADC*)
 .text._ZNSt12_Vector_baseImSaImEE17_Vector_impl_dataC2Ev
                0x08002694       0x28 ./Core/Src/main.o
                0x08002694                std::_Vector_base<unsigned long, std::allocator<unsigned long> >::_Vector_impl_data::_Vector_impl_data()
                0x08002694                std::_Vector_base<unsigned long, std::allocator<unsigned long> >::_Vector_impl_data::_Vector_impl_data()
 .text._ZNSt12_Vector_baseImSaImEE13_M_deallocateEPmj
                0x080026bc       0x26 ./Core/Src/main.o
                0x080026bc                std::_Vector_base<unsigned long, std::allocator<unsigned long> >::_M_deallocate(unsigned long*, unsigned int)
 .text._ZNSt12_Vector_baseImSaImEE19_M_get_Tp_allocatorEv
                0x080026e2       0x16 ./Core/Src/main.o
                0x080026e2                std::_Vector_base<unsigned long, std::allocator<unsigned long> >::_M_get_Tp_allocator()
 .text._ZSt8_DestroyIPmmEvT_S1_RSaIT0_E
                0x080026f8       0x1c ./Core/Src/main.o
                0x080026f8                void std::_Destroy<unsigned long*, unsigned long>(unsigned long*, unsigned long*, std::allocator<unsigned long>&)
 .text._ZSt4moveIRP17ADC_HandleTypeDefEONSt16remove_referenceIT_E4typeEOS4_
                0x08002714       0x16 ./Core/Src/main.o
                0x08002714                std::remove_reference<ADC_HandleTypeDef*&>::type&& std::move<ADC_HandleTypeDef*&>(ADC_HandleTypeDef*&)
 .text._ZSt4moveIR24hw_stm32_adc_dma_ready_tEONSt16remove_referenceIT_E4typeEOS3_
                0x0800272a       0x16 ./Core/Src/main.o
                0x0800272a                std::remove_reference<hw_stm32_adc_dma_ready_t&>::type&& std::move<hw_stm32_adc_dma_ready_t&>(hw_stm32_adc_dma_ready_t&)
 .text._ZSt4moveIR23hw_stm32_adc_it_ready_tEONSt16remove_referenceIT_E4typeEOS3_
                0x08002740       0x16 ./Core/Src/main.o
                0x08002740                std::remove_reference<hw_stm32_adc_it_ready_t&>::type&& std::move<hw_stm32_adc_it_ready_t&>(hw_stm32_adc_it_ready_t&)
 .text._ZNSt6vectorImSaImEE4swapERS1_
                0x08002756       0x74 ./Core/Src/main.o
                0x08002756                std::vector<unsigned long, std::allocator<unsigned long> >::swap(std::vector<unsigned long, std::allocator<unsigned long> >&)
 .text._ZNSt15__new_allocatorImEC2Ev
                0x080027ca       0x16 ./Core/Src/main.o
                0x080027ca                std::__new_allocator<unsigned long>::__new_allocator()
                0x080027ca                std::__new_allocator<unsigned long>::__new_allocator()
 .text._ZNSt6vectorImSaImEE17_S_check_init_lenEjRKS0_
                0x080027e0       0x50 ./Core/Src/main.o
                0x080027e0                std::vector<unsigned long, std::allocator<unsigned long> >::_S_check_init_len(unsigned int, std::allocator<unsigned long> const&)
 .text._ZNSt12_Vector_baseImSaImEEC2EjRKS0_
                0x08002830       0x28 ./Core/Src/main.o
                0x08002830                std::_Vector_base<unsigned long, std::allocator<unsigned long> >::_Vector_base(unsigned int, std::allocator<unsigned long> const&)
                0x08002830                std::_Vector_base<unsigned long, std::allocator<unsigned long> >::_Vector_base(unsigned int, std::allocator<unsigned long> const&)
 .text._ZNSt6vectorImSaImEE18_M_fill_initializeEjRKm
                0x08002858       0x32 ./Core/Src/main.o
                0x08002858                std::vector<unsigned long, std::allocator<unsigned long> >::_M_fill_initialize(unsigned int, unsigned long const&)
 .text._ZSt4moveIRSt6vectorImSaImEEEONSt16remove_referenceIT_E4typeEOS5_
                0x0800288a       0x16 ./Core/Src/main.o
                0x0800288a                std::remove_reference<std::vector<unsigned long, std::allocator<unsigned long> >&>::type&& std::move<std::vector<unsigned long, std::allocator<unsigned long> >&>(std::vector<unsigned long, std::allocator<unsigned long> >&)
 .text._ZNSt6vectorImSaImEE14_M_move_assignEOS1_St17integral_constantIbLb1EE
                0x080028a0       0x7a ./Core/Src/main.o
                0x080028a0                std::vector<unsigned long, std::allocator<unsigned long> >::_M_move_assign(std::vector<unsigned long, std::allocator<unsigned long> >&&, std::integral_constant<bool, true>)
 .text._ZNSaImEC2ERKS_
                0x0800291a       0x1c ./Core/Src/main.o
                0x0800291a                std::allocator<unsigned long>::allocator(std::allocator<unsigned long> const&)
                0x0800291a                std::allocator<unsigned long>::allocator(std::allocator<unsigned long> const&)
 .text._ZNSt16allocator_traitsISaImEE10deallocateERS0_Pmj
                0x08002936       0x3e ./Core/Src/main.o
                0x08002936                std::allocator_traits<std::allocator<unsigned long> >::deallocate(std::allocator<unsigned long>&, unsigned long*, unsigned int)
 .text._ZSt8_DestroyIPmEvT_S1_
                0x08002974       0x2c ./Core/Src/main.o
                0x08002974                void std::_Destroy<unsigned long*>(unsigned long*, unsigned long*)
 .text._ZSteqRKSaImES1_
                0x080029a0       0x18 ./Core/Src/main.o
                0x080029a0                std::operator==(std::allocator<unsigned long> const&, std::allocator<unsigned long> const&)
 .text._ZNSt12_Vector_baseImSaImEE17_Vector_impl_data12_M_swap_dataERS2_
                0x080029b8       0x3e ./Core/Src/main.o
                0x080029b8                std::_Vector_base<unsigned long, std::allocator<unsigned long> >::_Vector_impl_data::_M_swap_data(std::_Vector_base<unsigned long, std::allocator<unsigned long> >::_Vector_impl_data&)
 .text._ZN9__gnu_cxx14__alloc_traitsISaImEmE10_S_on_swapERS1_S3_
                0x080029f6       0x1a ./Core/Src/main.o
                0x080029f6                __gnu_cxx::__alloc_traits<std::allocator<unsigned long>, unsigned long>::_S_on_swap(std::allocator<unsigned long>&, std::allocator<unsigned long>&)
 .text._ZNSt16allocator_traitsISaImEE8max_sizeERKS0_
                0x08002a10       0x18 ./Core/Src/main.o
                0x08002a10                std::allocator_traits<std::allocator<unsigned long> >::max_size(std::allocator<unsigned long> const&)
 .text._ZNSt6vectorImSaImEE11_S_max_sizeERKS0_
                0x08002a28       0x34 ./Core/Src/main.o
                0x08002a28                std::vector<unsigned long, std::allocator<unsigned long> >::_S_max_size(std::allocator<unsigned long> const&)
 .text._ZNSt12_Vector_baseImSaImEE12_Vector_implC2ERKS0_
                0x08002a5c       0x24 ./Core/Src/main.o
                0x08002a5c                std::_Vector_base<unsigned long, std::allocator<unsigned long> >::_Vector_impl::_Vector_impl(std::allocator<unsigned long> const&)
                0x08002a5c                std::_Vector_base<unsigned long, std::allocator<unsigned long> >::_Vector_impl::_Vector_impl(std::allocator<unsigned long> const&)
 .text._ZNSt12_Vector_baseImSaImEE17_M_create_storageEj
                0x08002a80       0x36 ./Core/Src/main.o
                0x08002a80                std::_Vector_base<unsigned long, std::allocator<unsigned long> >::_M_create_storage(unsigned int)
 .text._ZSt24__uninitialized_fill_n_aIPmjmmET_S1_T0_RKT1_RSaIT2_E
                0x08002ab6       0x3c ./Core/Src/main.o
                0x08002ab6                unsigned long* std::__uninitialized_fill_n_a<unsigned long*, unsigned int, unsigned long, unsigned long>(unsigned long*, unsigned int, unsigned long const&, std::allocator<unsigned long>&)
 .text._ZNKSt12_Vector_baseImSaImEE13get_allocatorEv
                0x08002af2       0x22 ./Core/Src/main.o
                0x08002af2                std::_Vector_base<unsigned long, std::allocator<unsigned long> >::get_allocator() const
 .text._ZNSt6vectorImSaImEEC2ERKS0_
                0x08002b14       0x1e ./Core/Src/main.o
                0x08002b14                std::vector<unsigned long, std::allocator<unsigned long> >::vector(std::allocator<unsigned long> const&)
                0x08002b14                std::vector<unsigned long, std::allocator<unsigned long> >::vector(std::allocator<unsigned long> const&)
 .text._ZSt15__alloc_on_moveISaImEEvRT_S2_
                0x08002b32       0x18 ./Core/Src/main.o
                0x08002b32                void std::__alloc_on_move<std::allocator<unsigned long> >(std::allocator<unsigned long>&, std::allocator<unsigned long>&)
 .text._ZNSt15__new_allocatorImEC2ERKS0_
                0x08002b4a       0x18 ./Core/Src/main.o
                0x08002b4a                std::__new_allocator<unsigned long>::__new_allocator(std::__new_allocator<unsigned long> const&)
                0x08002b4a                std::__new_allocator<unsigned long>::__new_allocator(std::__new_allocator<unsigned long> const&)
 .text._ZNSt12_Destroy_auxILb0EE9__destroyIPmEEvT_S3_
                0x08002b62       0x32 ./Core/Src/main.o
                0x08002b62                void std::_Destroy_aux<false>::__destroy<unsigned long*>(unsigned long*, unsigned long*)
 .text._ZNSt12_Destroy_auxILb1EE9__destroyIPmEEvT_S3_
                0x08002b94       0x16 ./Core/Src/main.o
                0x08002b94                void std::_Destroy_aux<true>::__destroy<unsigned long*>(unsigned long*, unsigned long*)
 .text._ZNSt12_Vector_baseImSaImEE17_Vector_impl_data12_M_copy_dataERKS2_
                0x08002baa       0x2e ./Core/Src/main.o
                0x08002baa                std::_Vector_base<unsigned long, std::allocator<unsigned long> >::_Vector_impl_data::_M_copy_data(std::_Vector_base<unsigned long, std::allocator<unsigned long> >::_Vector_impl_data const&)
 .text._ZSt15__alloc_on_swapISaImEEvRT_S2_
                0x08002bd8       0x16 ./Core/Src/main.o
                0x08002bd8                void std::__alloc_on_swap<std::allocator<unsigned long> >(std::allocator<unsigned long>&, std::allocator<unsigned long>&)
 .text._ZSt3minIjERKT_S2_S2_
                0x08002bee       0x28 ./Core/Src/main.o
                0x08002bee                unsigned int const& std::min<unsigned int>(unsigned int const&, unsigned int const&)
 .text._ZNSt12_Vector_baseImSaImEE11_M_allocateEj
                0x08002c16       0x28 ./Core/Src/main.o
                0x08002c16                std::_Vector_base<unsigned long, std::allocator<unsigned long> >::_M_allocate(unsigned int)
 .text._ZSt18__do_uninit_fill_nIPmjmET_S1_T0_RKT1_
                0x08002c3e       0x3e ./Core/Src/main.o
                0x08002c3e                unsigned long* std::__do_uninit_fill_n<unsigned long*, unsigned int, unsigned long>(unsigned long*, unsigned int, unsigned long const&)
 .text._ZSt20uninitialized_fill_nIPmjmET_S1_T0_RKT1_
                0x08002c7c       0x24 ./Core/Src/main.o
                0x08002c7c                unsigned long* std::uninitialized_fill_n<unsigned long*, unsigned int, unsigned long>(unsigned long*, unsigned int, unsigned long const&)
 .text._ZNKSt12_Vector_baseImSaImEE19_M_get_Tp_allocatorEv
                0x08002ca0       0x16 ./Core/Src/main.o
                0x08002ca0                std::_Vector_base<unsigned long, std::allocator<unsigned long> >::_M_get_Tp_allocator() const
 .text._ZNSt12_Vector_baseImSaImEEC2ERKS0_
                0x08002cb6       0x1e ./Core/Src/main.o
                0x08002cb6                std::_Vector_base<unsigned long, std::allocator<unsigned long> >::_Vector_base(std::allocator<unsigned long> const&)
                0x08002cb6                std::_Vector_base<unsigned long, std::allocator<unsigned long> >::_Vector_base(std::allocator<unsigned long> const&)
 .text._ZSt4moveIRSaImEEONSt16remove_referenceIT_E4typeEOS3_
                0x08002cd4       0x16 ./Core/Src/main.o
                0x08002cd4                std::remove_reference<std::allocator<unsigned long>&>::type&& std::move<std::allocator<unsigned long>&>(std::allocator<unsigned long>&)
 .text._ZNSt15__new_allocatorImE10deallocateEPmj
                0x08002cea       0x1e ./Core/Src/main.o
                0x08002cea                std::__new_allocator<unsigned long>::deallocate(unsigned long*, unsigned int)
 .text._ZSt11__addressofImEPT_RS0_
                0x08002d08       0x16 ./Core/Src/main.o
                0x08002d08                unsigned long* std::__addressof<unsigned long>(unsigned long&)
 .text._ZSt8_DestroyImEvPT_
                0x08002d1e       0x16 ./Core/Src/main.o
                0x08002d1e                void std::_Destroy<unsigned long>(unsigned long*)
 .text._ZNSt16allocator_traitsISaImEE8allocateERS0_j
                0x08002d34       0x62 ./Core/Src/main.o
                0x08002d34                std::allocator_traits<std::allocator<unsigned long> >::allocate(std::allocator<unsigned long>&, unsigned int)
 .text._ZSt10_ConstructImJRKmEEvPT_DpOT0_
                0x08002d96       0x44 ./Core/Src/main.o
                0x08002d96                void std::_Construct<unsigned long, unsigned long const&>(unsigned long*, unsigned long const&)
 .text._ZNSt22__uninitialized_fill_nILb1EE15__uninit_fill_nIPmjmEET_S3_T0_RKT1_
                0x08002dda       0x20 ./Core/Src/main.o
                0x08002dda                unsigned long* std::__uninitialized_fill_n<true>::__uninit_fill_n<unsigned long*, unsigned int, unsigned long>(unsigned long*, unsigned int, unsigned long const&)
 .text._ZSt10destroy_atImEvPT_
                0x08002dfa       0x14 ./Core/Src/main.o
                0x08002dfa                void std::destroy_at<unsigned long>(unsigned long*)
 .text._ZSt7forwardIRKmEOT_RNSt16remove_referenceIS2_E4typeE
                0x08002e0e       0x16 ./Core/Src/main.o
                0x08002e0e                unsigned long const& std::forward<unsigned long const&>(std::remove_reference<unsigned long const&>::type&)
 .text._ZSt12construct_atImJRKmEEDTgsnwcvPvLi0E_T_pispcl7declvalIT0_EEEEPS3_DpOS4_
                0x08002e24       0x2c ./Core/Src/main.o
                0x08002e24                decltype (::new ((void*)(0)) unsigned long((declval<unsigned long const&>)())) std::construct_at<unsigned long, unsigned long const&>(unsigned long*, unsigned long const&)
 .text._ZSt6fill_nIPmjmET_S1_T0_RKT1_
                0x08002e50       0x36 ./Core/Src/main.o
                0x08002e50                unsigned long* std::fill_n<unsigned long*, unsigned int, unsigned long>(unsigned long*, unsigned int, unsigned long const&)
 .text._ZNSt15__new_allocatorImE8allocateEjPKv
                0x08002e86       0x54 ./Core/Src/main.o
                0x08002e86                std::__new_allocator<unsigned long>::allocate(unsigned int, void const*)
 .text._ZSt19__iterator_categoryIPmENSt15iterator_traitsIT_E17iterator_categoryERKS2_
                0x08002eda       0x14 ./Core/Src/main.o
                0x08002eda                std::iterator_traits<unsigned long*>::iterator_category std::__iterator_category<unsigned long*>(unsigned long* const&)
 .text._ZSt10__fill_n_aIPmjmET_S1_T0_RKT1_St26random_access_iterator_tag
                0x08002eee       0x3a ./Core/Src/main.o
                0x08002eee                unsigned long* std::__fill_n_a<unsigned long*, unsigned int, unsigned long>(unsigned long*, unsigned int, unsigned long const&, std::random_access_iterator_tag)
 .text._ZNKSt15__new_allocatorImE11_M_max_sizeEv
                0x08002f28       0x18 ./Core/Src/main.o
                0x08002f28                std::__new_allocator<unsigned long>::_M_max_size() const
 .text._ZSt8__fill_aIPmmEvT_S1_RKT0_
                0x08002f40       0x1e ./Core/Src/main.o
                0x08002f40                void std::__fill_a<unsigned long*, unsigned long>(unsigned long*, unsigned long*, unsigned long const&)
 .text._ZSt9__fill_a1IPmmEN9__gnu_cxx11__enable_ifIXsrSt11__is_scalarIT0_E7__valueEvE6__typeET_S8_RKS4_
                0x08002f5e       0x36 ./Core/Src/main.o
                0x08002f5e                __gnu_cxx::__enable_if<std::__is_scalar<unsigned long>::__value, void>::__type std::__fill_a1<unsigned long*, unsigned long>(unsigned long*, unsigned long*, unsigned long const&)
 .text._Z41__static_initialization_and_destruction_0ii
                0x08002f94       0x58 ./Core/Src/main.o
 .text._GLOBAL__sub_I__ZN15stm32_hrtim_pwm15getTimerAOutputEv
                0x08002fec       0x10 ./Core/Src/main.o
 .text._GLOBAL__sub_D__ZN15stm32_hrtim_pwm15getTimerAOutputEv
                0x08002ffc       0x10 ./Core/Src/main.o
 .text.HAL_MspInit
                0x0800300c       0x48 ./Core/Src/stm32g4xx_hal_msp.o
                0x0800300c                HAL_MspInit
 .text.NMI_Handler
                0x08003054        0x8 ./Core/Src/stm32g4xx_it.o
                0x08003054                NMI_Handler
 .text.HardFault_Handler
                0x0800305c        0x8 ./Core/Src/stm32g4xx_it.o
                0x0800305c                HardFault_Handler
 .text.MemManage_Handler
                0x08003064        0x8 ./Core/Src/stm32g4xx_it.o
                0x08003064                MemManage_Handler
 .text.BusFault_Handler
                0x0800306c        0x8 ./Core/Src/stm32g4xx_it.o
                0x0800306c                BusFault_Handler
 .text.UsageFault_Handler
                0x08003074        0x8 ./Core/Src/stm32g4xx_it.o
                0x08003074                UsageFault_Handler
 .text.SVC_Handler
                0x0800307c        0xe ./Core/Src/stm32g4xx_it.o
                0x0800307c                SVC_Handler
 .text.DebugMon_Handler
                0x0800308a        0xe ./Core/Src/stm32g4xx_it.o
                0x0800308a                DebugMon_Handler
 .text.PendSV_Handler
                0x08003098        0xe ./Core/Src/stm32g4xx_it.o
                0x08003098                PendSV_Handler
 .text.SysTick_Handler
                0x080030a6        0xc ./Core/Src/stm32g4xx_it.o
                0x080030a6                SysTick_Handler
 *fill*         0x080030b2        0x2 
 .text.DMA1_Channel1_IRQHandler
                0x080030b4       0x14 ./Core/Src/stm32g4xx_it.o
                0x080030b4                DMA1_Channel1_IRQHandler
 .text.DMA1_Channel2_IRQHandler
                0x080030c8       0x14 ./Core/Src/stm32g4xx_it.o
                0x080030c8                DMA1_Channel2_IRQHandler
 .text.DMA1_Channel3_IRQHandler
                0x080030dc       0x14 ./Core/Src/stm32g4xx_it.o
                0x080030dc                DMA1_Channel3_IRQHandler
 .text.ADC1_2_IRQHandler
                0x080030f0       0x1c ./Core/Src/stm32g4xx_it.o
                0x080030f0                ADC1_2_IRQHandler
 .text.USART1_IRQHandler
                0x0800310c       0x14 ./Core/Src/stm32g4xx_it.o
                0x0800310c                USART1_IRQHandler
 .text.ADC3_IRQHandler
                0x08003120       0x14 ./Core/Src/stm32g4xx_it.o
                0x08003120                ADC3_IRQHandler
 .text._getpid  0x08003134       0x10 ./Core/Src/syscalls.o
                0x08003134                _getpid
 .text._kill    0x08003144       0x20 ./Core/Src/syscalls.o
                0x08003144                _kill
 .text._exit    0x08003164       0x16 ./Core/Src/syscalls.o
                0x08003164                _exit
 .text._read    0x0800317a       0x3a ./Core/Src/syscalls.o
                0x0800317a                _read
 .text._write   0x080031b4       0x38 ./Core/Src/syscalls.o
                0x080031b4                _write
 .text._close   0x080031ec       0x18 ./Core/Src/syscalls.o
                0x080031ec                _close
 .text._fstat   0x08003204       0x20 ./Core/Src/syscalls.o
                0x08003204                _fstat
 .text._isatty  0x08003224       0x16 ./Core/Src/syscalls.o
                0x08003224                _isatty
 .text._lseek   0x0800323a       0x1a ./Core/Src/syscalls.o
                0x0800323a                _lseek
 .text._sbrk    0x08003254       0x6c ./Core/Src/sysmem.o
                0x08003254                _sbrk
 .text.SystemInit
                0x080032c0       0x24 ./Core/Src/system_stm32g4xx.o
                0x080032c0                SystemInit
 .text.MX_USART1_UART_Init
                0x080032e4       0x98 ./Core/Src/usart.o
                0x080032e4                MX_USART1_UART_Init
 .text.HAL_UART_MspInit
                0x0800337c      0x178 ./Core/Src/usart.o
                0x0800337c                HAL_UART_MspInit
 .text.__io_putchar
                0x080034f4       0x24 ./Core/Src/usart.o
                0x080034f4                __io_putchar
 .text.Reset_Handler
                0x08003518       0x50 ./Core/Startup/startup_stm32g474retx.o
                0x08003518                Reset_Handler
 .text.Default_Handler
                0x08003568        0x2 ./Core/Startup/startup_stm32g474retx.o
                0x08003568                RTC_Alarm_IRQHandler
                0x08003568                EXTI2_IRQHandler
                0x08003568                TIM8_TRG_COM_IRQHandler
                0x08003568                TIM8_CC_IRQHandler
                0x08003568                HRTIM1_Master_IRQHandler
                0x08003568                SPI4_IRQHandler
                0x08003568                FDCAN3_IT0_IRQHandler
                0x08003568                TIM1_CC_IRQHandler
                0x08003568                HRTIM1_FLT_IRQHandler
                0x08003568                HRTIM1_TIMF_IRQHandler
                0x08003568                USB_HP_IRQHandler
                0x08003568                CORDIC_IRQHandler
                0x08003568                HRTIM1_TIMD_IRQHandler
                0x08003568                DMA2_Channel8_IRQHandler
                0x08003568                EXTI3_IRQHandler
                0x08003568                I2C3_ER_IRQHandler
                0x08003568                EXTI0_IRQHandler
                0x08003568                I2C2_EV_IRQHandler
                0x08003568                FPU_IRQHandler
                0x08003568                FDCAN1_IT1_IRQHandler
                0x08003568                TIM1_UP_TIM16_IRQHandler
                0x08003568                HRTIM1_TIME_IRQHandler
                0x08003568                SPI1_IRQHandler
                0x08003568                TIM6_DAC_IRQHandler
                0x08003568                HRTIM1_TIMC_IRQHandler
                0x08003568                TIM8_UP_IRQHandler
                0x08003568                DMA2_Channel2_IRQHandler
                0x08003568                DMA1_Channel4_IRQHandler
                0x08003568                TIM20_TRG_COM_IRQHandler
                0x08003568                USART3_IRQHandler
                0x08003568                DMA1_Channel7_IRQHandler
                0x08003568                UART5_IRQHandler
                0x08003568                TIM4_IRQHandler
                0x08003568                DMA2_Channel1_IRQHandler
                0x08003568                QUADSPI_IRQHandler
                0x08003568                I2C1_EV_IRQHandler
                0x08003568                DMA1_Channel6_IRQHandler
                0x08003568                UART4_IRQHandler
                0x08003568                DMA2_Channel4_IRQHandler
                0x08003568                TIM3_IRQHandler
                0x08003568                RCC_IRQHandler
                0x08003568                TIM20_UP_IRQHandler
                0x08003568                Default_Handler
                0x08003568                DMA2_Channel7_IRQHandler
                0x08003568                RTC_TAMP_LSECSS_IRQHandler
                0x08003568                FMAC_IRQHandler
                0x08003568                EXTI15_10_IRQHandler
                0x08003568                DMA1_Channel8_IRQHandler
                0x08003568                HRTIM1_TIMA_IRQHandler
                0x08003568                TIM7_DAC_IRQHandler
                0x08003568                FDCAN3_IT1_IRQHandler
                0x08003568                TIM5_IRQHandler
                0x08003568                UCPD1_IRQHandler
                0x08003568                I2C3_EV_IRQHandler
                0x08003568                EXTI9_5_IRQHandler
                0x08003568                RTC_WKUP_IRQHandler
                0x08003568                PVD_PVM_IRQHandler
                0x08003568                SPI2_IRQHandler
                0x08003568                ADC5_IRQHandler
                0x08003568                DMA2_Channel5_IRQHandler
                0x08003568                CRS_IRQHandler
                0x08003568                DMA1_Channel5_IRQHandler
                0x08003568                USB_LP_IRQHandler
                0x08003568                EXTI4_IRQHandler
                0x08003568                RNG_IRQHandler
                0x08003568                HRTIM1_TIMB_IRQHandler
                0x08003568                TIM1_TRG_COM_TIM17_IRQHandler
                0x08003568                FDCAN2_IT1_IRQHandler
                0x08003568                ADC4_IRQHandler
                0x08003568                WWDG_IRQHandler
                0x08003568                I2C4_EV_IRQHandler
                0x08003568                FDCAN2_IT0_IRQHandler
                0x08003568                LPUART1_IRQHandler
                0x08003568                DMA2_Channel6_IRQHandler
                0x08003568                FDCAN1_IT0_IRQHandler
                0x08003568                TIM2_IRQHandler
                0x08003568                COMP7_IRQHandler
                0x08003568                COMP1_2_3_IRQHandler
                0x08003568                EXTI1_IRQHandler
                0x08003568                USART2_IRQHandler
                0x08003568                COMP4_5_6_IRQHandler
                0x08003568                TIM20_BRK_IRQHandler
                0x08003568                I2C2_ER_IRQHandler
                0x08003568                TIM8_BRK_IRQHandler
                0x08003568                FLASH_IRQHandler
                0x08003568                TIM20_CC_IRQHandler
                0x08003568                SPI3_IRQHandler
                0x08003568                I2C1_ER_IRQHandler
                0x08003568                FMC_IRQHandler
                0x08003568                LPTIM1_IRQHandler
                0x08003568                DMAMUX_OVR_IRQHandler
                0x08003568                I2C4_ER_IRQHandler
                0x08003568                USBWakeUp_IRQHandler
                0x08003568                SAI1_IRQHandler
                0x08003568                DMA2_Channel3_IRQHandler
                0x08003568                TIM1_BRK_TIM15_IRQHandler
 .text.HAL_Init
                0x0800356a       0x30 ./Drivers/STM32G4xx_HAL_Driver/Src/stm32g4xx_hal.o
                0x0800356a                HAL_Init
 *fill*         0x0800359a        0x2 
 .text.HAL_InitTick
                0x0800359c       0x74 ./Drivers/STM32G4xx_HAL_Driver/Src/stm32g4xx_hal.o
                0x0800359c                HAL_InitTick
 .text.HAL_IncTick
                0x08003610       0x24 ./Drivers/STM32G4xx_HAL_Driver/Src/stm32g4xx_hal.o
                0x08003610                HAL_IncTick
 .text.HAL_GetTick
                0x08003634       0x18 ./Drivers/STM32G4xx_HAL_Driver/Src/stm32g4xx_hal.o
                0x08003634                HAL_GetTick
 .text.LL_ADC_SetCommonClock
                0x0800364c       0x26 ./Drivers/STM32G4xx_HAL_Driver/Src/stm32g4xx_hal_adc.o
 .text.LL_ADC_SetCommonPathInternalCh
                0x08003672       0x26 ./Drivers/STM32G4xx_HAL_Driver/Src/stm32g4xx_hal_adc.o
 .text.LL_ADC_GetCommonPathInternalCh
                0x08003698       0x1c ./Drivers/STM32G4xx_HAL_Driver/Src/stm32g4xx_hal_adc.o
 .text.LL_ADC_SetOffset
                0x080036b4       0x48 ./Drivers/STM32G4xx_HAL_Driver/Src/stm32g4xx_hal_adc.o
 .text.LL_ADC_GetOffsetChannel
                0x080036fc       0x2c ./Drivers/STM32G4xx_HAL_Driver/Src/stm32g4xx_hal_adc.o
 .text.LL_ADC_SetOffsetState
                0x08003728       0x36 ./Drivers/STM32G4xx_HAL_Driver/Src/stm32g4xx_hal_adc.o
 .text.LL_ADC_SetOffsetSign
                0x0800375e       0x36 ./Drivers/STM32G4xx_HAL_Driver/Src/stm32g4xx_hal_adc.o
 .text.LL_ADC_SetOffsetSaturation
                0x08003794       0x36 ./Drivers/STM32G4xx_HAL_Driver/Src/stm32g4xx_hal_adc.o
 .text.LL_ADC_SetSamplingTimeCommonConfig
                0x080037ca       0x26 ./Drivers/STM32G4xx_HAL_Driver/Src/stm32g4xx_hal_adc.o
 .text.LL_ADC_REG_IsTriggerSourceSWStart
                0x080037f0       0x26 ./Drivers/STM32G4xx_HAL_Driver/Src/stm32g4xx_hal_adc.o
 .text.LL_ADC_REG_SetSequencerRanks
                0x08003816       0x58 ./Drivers/STM32G4xx_HAL_Driver/Src/stm32g4xx_hal_adc.o
 .text.LL_ADC_INJ_IsTriggerSourceSWStart
                0x0800386e       0x26 ./Drivers/STM32G4xx_HAL_Driver/Src/stm32g4xx_hal_adc.o
 .text.LL_ADC_SetChannelSamplingTime
                0x08003894       0x56 ./Drivers/STM32G4xx_HAL_Driver/Src/stm32g4xx_hal_adc.o
 *fill*         0x080038ea        0x2 
 .text.LL_ADC_SetChannelSingleDiff
                0x080038ec       0x48 ./Drivers/STM32G4xx_HAL_Driver/Src/stm32g4xx_hal_adc.o
 .text.LL_ADC_GetMultimode
                0x08003934       0x1c ./Drivers/STM32G4xx_HAL_Driver/Src/stm32g4xx_hal_adc.o
 .text.LL_ADC_GetMultiDMATransfer
                0x08003950       0x1c ./Drivers/STM32G4xx_HAL_Driver/Src/stm32g4xx_hal_adc.o
 .text.LL_ADC_DisableDeepPowerDown
                0x0800396c       0x24 ./Drivers/STM32G4xx_HAL_Driver/Src/stm32g4xx_hal_adc.o
 .text.LL_ADC_IsDeepPowerDownEnabled
                0x08003990       0x28 ./Drivers/STM32G4xx_HAL_Driver/Src/stm32g4xx_hal_adc.o
 .text.LL_ADC_EnableInternalRegulator
                0x080039b8       0x28 ./Drivers/STM32G4xx_HAL_Driver/Src/stm32g4xx_hal_adc.o
 .text.LL_ADC_IsInternalRegulatorEnabled
                0x080039e0       0x28 ./Drivers/STM32G4xx_HAL_Driver/Src/stm32g4xx_hal_adc.o
 .text.LL_ADC_Enable
                0x08003a08       0x28 ./Drivers/STM32G4xx_HAL_Driver/Src/stm32g4xx_hal_adc.o
 .text.LL_ADC_Disable
                0x08003a30       0x28 ./Drivers/STM32G4xx_HAL_Driver/Src/stm32g4xx_hal_adc.o
 .text.LL_ADC_IsEnabled
                0x08003a58       0x26 ./Drivers/STM32G4xx_HAL_Driver/Src/stm32g4xx_hal_adc.o
 .text.LL_ADC_IsDisableOngoing
                0x08003a7e       0x26 ./Drivers/STM32G4xx_HAL_Driver/Src/stm32g4xx_hal_adc.o
 .text.LL_ADC_REG_IsConversionOngoing
                0x08003aa4       0x26 ./Drivers/STM32G4xx_HAL_Driver/Src/stm32g4xx_hal_adc.o
 .text.LL_ADC_INJ_IsConversionOngoing
                0x08003aca       0x26 ./Drivers/STM32G4xx_HAL_Driver/Src/stm32g4xx_hal_adc.o
 .text.HAL_ADC_Init
                0x08003af0      0x378 ./Drivers/STM32G4xx_HAL_Driver/Src/stm32g4xx_hal_adc.o
                0x08003af0                HAL_ADC_Init
 .text.HAL_ADC_IRQHandler
                0x08003e68      0x4c0 ./Drivers/STM32G4xx_HAL_Driver/Src/stm32g4xx_hal_adc.o
                0x08003e68                HAL_ADC_IRQHandler
 .text.HAL_ADC_LevelOutOfWindowCallback
                0x08004328       0x14 ./Drivers/STM32G4xx_HAL_Driver/Src/stm32g4xx_hal_adc.o
                0x08004328                HAL_ADC_LevelOutOfWindowCallback
 .text.HAL_ADC_ErrorCallback
                0x0800433c       0x14 ./Drivers/STM32G4xx_HAL_Driver/Src/stm32g4xx_hal_adc.o
                0x0800433c                HAL_ADC_ErrorCallback
 .text.HAL_ADC_ConfigChannel
                0x08004350      0x880 ./Drivers/STM32G4xx_HAL_Driver/Src/stm32g4xx_hal_adc.o
                0x08004350                HAL_ADC_ConfigChannel
 .text.ADC_Enable
                0x08004bd0      0x12c ./Drivers/STM32G4xx_HAL_Driver/Src/stm32g4xx_hal_adc.o
                0x08004bd0                ADC_Enable
 .text.ADC_Disable
                0x08004cfc       0xbe ./Drivers/STM32G4xx_HAL_Driver/Src/stm32g4xx_hal_adc.o
                0x08004cfc                ADC_Disable
 .text.LL_ADC_SetCommonPathInternalCh
                0x08004dba       0x26 ./Drivers/STM32G4xx_HAL_Driver/Src/stm32g4xx_hal_adc_ex.o
 .text.LL_ADC_GetCommonPathInternalCh
                0x08004de0       0x1c ./Drivers/STM32G4xx_HAL_Driver/Src/stm32g4xx_hal_adc_ex.o
 .text.LL_ADC_SetOffset
                0x08004dfc       0x48 ./Drivers/STM32G4xx_HAL_Driver/Src/stm32g4xx_hal_adc_ex.o
 .text.LL_ADC_GetOffsetChannel
                0x08004e44       0x2c ./Drivers/STM32G4xx_HAL_Driver/Src/stm32g4xx_hal_adc_ex.o
 .text.LL_ADC_SetOffsetState
                0x08004e70       0x36 ./Drivers/STM32G4xx_HAL_Driver/Src/stm32g4xx_hal_adc_ex.o
 .text.LL_ADC_SetOffsetSign
                0x08004ea6       0x36 ./Drivers/STM32G4xx_HAL_Driver/Src/stm32g4xx_hal_adc_ex.o
 .text.LL_ADC_SetOffsetSaturation
                0x08004edc       0x36 ./Drivers/STM32G4xx_HAL_Driver/Src/stm32g4xx_hal_adc_ex.o
 .text.LL_ADC_SetSamplingTimeCommonConfig
                0x08004f12       0x26 ./Drivers/STM32G4xx_HAL_Driver/Src/stm32g4xx_hal_adc_ex.o
 .text.LL_ADC_INJ_GetTrigAuto
                0x08004f38       0x1c ./Drivers/STM32G4xx_HAL_Driver/Src/stm32g4xx_hal_adc_ex.o
 .text.LL_ADC_SetChannelSamplingTime
                0x08004f54       0x56 ./Drivers/STM32G4xx_HAL_Driver/Src/stm32g4xx_hal_adc_ex.o
 *fill*         0x08004faa        0x2 
 .text.LL_ADC_SetChannelSingleDiff
                0x08004fac       0x48 ./Drivers/STM32G4xx_HAL_Driver/Src/stm32g4xx_hal_adc_ex.o
 .text.LL_ADC_GetMultimode
                0x08004ff4       0x1c ./Drivers/STM32G4xx_HAL_Driver/Src/stm32g4xx_hal_adc_ex.o
 .text.LL_ADC_IsEnabled
                0x08005010       0x26 ./Drivers/STM32G4xx_HAL_Driver/Src/stm32g4xx_hal_adc_ex.o
 .text.LL_ADC_StartCalibration
                0x08005036       0x32 ./Drivers/STM32G4xx_HAL_Driver/Src/stm32g4xx_hal_adc_ex.o
 .text.LL_ADC_IsCalibrationOnGoing
                0x08005068       0x28 ./Drivers/STM32G4xx_HAL_Driver/Src/stm32g4xx_hal_adc_ex.o
 .text.LL_ADC_REG_IsConversionOngoing
                0x08005090       0x26 ./Drivers/STM32G4xx_HAL_Driver/Src/stm32g4xx_hal_adc_ex.o
 .text.LL_ADC_INJ_StartConversion
                0x080050b6       0x28 ./Drivers/STM32G4xx_HAL_Driver/Src/stm32g4xx_hal_adc_ex.o
 .text.LL_ADC_INJ_IsConversionOngoing
                0x080050de       0x26 ./Drivers/STM32G4xx_HAL_Driver/Src/stm32g4xx_hal_adc_ex.o
 .text.HAL_ADCEx_Calibration_Start
                0x08005104       0xc4 ./Drivers/STM32G4xx_HAL_Driver/Src/stm32g4xx_hal_adc_ex.o
                0x08005104                HAL_ADCEx_Calibration_Start
 .text.HAL_ADCEx_InjectedStart_IT
                0x080051c8      0x20c ./Drivers/STM32G4xx_HAL_Driver/Src/stm32g4xx_hal_adc_ex.o
                0x080051c8                HAL_ADCEx_InjectedStart_IT
 .text.HAL_ADCEx_InjectedQueueOverflowCallback
                0x080053d4       0x14 ./Drivers/STM32G4xx_HAL_Driver/Src/stm32g4xx_hal_adc_ex.o
                0x080053d4                HAL_ADCEx_InjectedQueueOverflowCallback
 .text.HAL_ADCEx_LevelOutOfWindow2Callback
                0x080053e8       0x14 ./Drivers/STM32G4xx_HAL_Driver/Src/stm32g4xx_hal_adc_ex.o
                0x080053e8                HAL_ADCEx_LevelOutOfWindow2Callback
 .text.HAL_ADCEx_LevelOutOfWindow3Callback
                0x080053fc       0x14 ./Drivers/STM32G4xx_HAL_Driver/Src/stm32g4xx_hal_adc_ex.o
                0x080053fc                HAL_ADCEx_LevelOutOfWindow3Callback
 .text.HAL_ADCEx_EndOfSamplingCallback
                0x08005410       0x14 ./Drivers/STM32G4xx_HAL_Driver/Src/stm32g4xx_hal_adc_ex.o
                0x08005410                HAL_ADCEx_EndOfSamplingCallback
 .text.HAL_ADCEx_InjectedConfigChannel
                0x08005424      0xa58 ./Drivers/STM32G4xx_HAL_Driver/Src/stm32g4xx_hal_adc_ex.o
                0x08005424                HAL_ADCEx_InjectedConfigChannel
 .text.HAL_ADCEx_MultiModeConfigChannel
                0x08005e7c      0x210 ./Drivers/STM32G4xx_HAL_Driver/Src/stm32g4xx_hal_adc_ex.o
                0x08005e7c                HAL_ADCEx_MultiModeConfigChannel
 .text.__NVIC_SetPriorityGrouping
                0x0800608c       0x48 ./Drivers/STM32G4xx_HAL_Driver/Src/stm32g4xx_hal_cortex.o
 .text.__NVIC_GetPriorityGrouping
                0x080060d4       0x1c ./Drivers/STM32G4xx_HAL_Driver/Src/stm32g4xx_hal_cortex.o
 .text.__NVIC_EnableIRQ
                0x080060f0       0x3c ./Drivers/STM32G4xx_HAL_Driver/Src/stm32g4xx_hal_cortex.o
 .text.__NVIC_SetPriority
                0x0800612c       0x54 ./Drivers/STM32G4xx_HAL_Driver/Src/stm32g4xx_hal_cortex.o
 .text.NVIC_EncodePriority
                0x08006180       0x66 ./Drivers/STM32G4xx_HAL_Driver/Src/stm32g4xx_hal_cortex.o
 *fill*         0x080061e6        0x2 
 .text.SysTick_Config
                0x080061e8       0x44 ./Drivers/STM32G4xx_HAL_Driver/Src/stm32g4xx_hal_cortex.o
 .text.HAL_NVIC_SetPriorityGrouping
                0x0800622c       0x16 ./Drivers/STM32G4xx_HAL_Driver/Src/stm32g4xx_hal_cortex.o
                0x0800622c                HAL_NVIC_SetPriorityGrouping
 .text.HAL_NVIC_SetPriority
                0x08006242       0x34 ./Drivers/STM32G4xx_HAL_Driver/Src/stm32g4xx_hal_cortex.o
                0x08006242                HAL_NVIC_SetPriority
 .text.HAL_NVIC_EnableIRQ
                0x08006276       0x1c ./Drivers/STM32G4xx_HAL_Driver/Src/stm32g4xx_hal_cortex.o
                0x08006276                HAL_NVIC_EnableIRQ
 .text.HAL_SYSTICK_Config
                0x08006292       0x18 ./Drivers/STM32G4xx_HAL_Driver/Src/stm32g4xx_hal_cortex.o
                0x08006292                HAL_SYSTICK_Config
 *fill*         0x080062aa        0x2 
 .text.HAL_DMA_Init
                0x080062ac      0x150 ./Drivers/STM32G4xx_HAL_Driver/Src/stm32g4xx_hal_dma.o
                0x080062ac                HAL_DMA_Init
 .text.HAL_DMA_Start_IT
                0x080063fc       0xf6 ./Drivers/STM32G4xx_HAL_Driver/Src/stm32g4xx_hal_dma.o
                0x080063fc                HAL_DMA_Start_IT
 .text.HAL_DMA_Abort
                0x080064f2       0xb2 ./Drivers/STM32G4xx_HAL_Driver/Src/stm32g4xx_hal_dma.o
                0x080064f2                HAL_DMA_Abort
 .text.HAL_DMA_Abort_IT
                0x080065a4       0xce ./Drivers/STM32G4xx_HAL_Driver/Src/stm32g4xx_hal_dma.o
                0x080065a4                HAL_DMA_Abort_IT
 .text.HAL_DMA_IRQHandler
                0x08006672      0x15e ./Drivers/STM32G4xx_HAL_Driver/Src/stm32g4xx_hal_dma.o
                0x08006672                HAL_DMA_IRQHandler
 .text.DMA_SetConfig
                0x080067d0       0x7c ./Drivers/STM32G4xx_HAL_Driver/Src/stm32g4xx_hal_dma.o
 .text.DMA_CalcDMAMUXChannelBaseAndMask
                0x0800684c       0x7c ./Drivers/STM32G4xx_HAL_Driver/Src/stm32g4xx_hal_dma.o
 .text.DMA_CalcDMAMUXRequestGenBaseAndMask
                0x080068c8       0x48 ./Drivers/STM32G4xx_HAL_Driver/Src/stm32g4xx_hal_dma.o
 .text.HAL_GPIO_Init
                0x08006910      0x304 ./Drivers/STM32G4xx_HAL_Driver/Src/stm32g4xx_hal_gpio.o
                0x08006910                HAL_GPIO_Init
 .text.HAL_GPIO_WritePin
                0x08006c14       0x30 ./Drivers/STM32G4xx_HAL_Driver/Src/stm32g4xx_hal_gpio.o
                0x08006c14                HAL_GPIO_WritePin
 .text.HAL_HRTIM_Init
                0x08006c44      0x1a0 ./Drivers/STM32G4xx_HAL_Driver/Src/stm32g4xx_hal_hrtim.o
                0x08006c44                HAL_HRTIM_Init
 .text.HAL_HRTIM_DLLCalibrationStart
                0x08006de4       0xb0 ./Drivers/STM32G4xx_HAL_Driver/Src/stm32g4xx_hal_hrtim.o
                0x08006de4                HAL_HRTIM_DLLCalibrationStart
 .text.HAL_HRTIM_PollForDLLCalibration
                0x08006e94       0x68 ./Drivers/STM32G4xx_HAL_Driver/Src/stm32g4xx_hal_hrtim.o
                0x08006e94                HAL_HRTIM_PollForDLLCalibration
 .text.HAL_HRTIM_TimeBaseConfig
                0x08006efc       0x50 ./Drivers/STM32G4xx_HAL_Driver/Src/stm32g4xx_hal_hrtim.o
                0x08006efc                HAL_HRTIM_TimeBaseConfig
 .text.HAL_HRTIM_ADCTriggerConfig
                0x08006f4c      0x3d8 ./Drivers/STM32G4xx_HAL_Driver/Src/stm32g4xx_hal_hrtim.o
                0x08006f4c                HAL_HRTIM_ADCTriggerConfig
 .text.HAL_HRTIM_ADCPostScalerConfig
                0x08007324      0x294 ./Drivers/STM32G4xx_HAL_Driver/Src/stm32g4xx_hal_hrtim.o
                0x08007324                HAL_HRTIM_ADCPostScalerConfig
 .text.HAL_HRTIM_WaveformTimerConfig
                0x080075b8      0x11a ./Drivers/STM32G4xx_HAL_Driver/Src/stm32g4xx_hal_hrtim.o
                0x080075b8                HAL_HRTIM_WaveformTimerConfig
 .text.HAL_HRTIM_WaveformTimerControl
                0x080076d2       0x66 ./Drivers/STM32G4xx_HAL_Driver/Src/stm32g4xx_hal_hrtim.o
                0x080076d2                HAL_HRTIM_WaveformTimerControl
 .text.HAL_HRTIM_DeadTimeConfig
                0x08007738      0x100 ./Drivers/STM32G4xx_HAL_Driver/Src/stm32g4xx_hal_hrtim.o
                0x08007738                HAL_HRTIM_DeadTimeConfig
 .text.HAL_HRTIM_WaveformCompareConfig
                0x08007838      0x2dc ./Drivers/STM32G4xx_HAL_Driver/Src/stm32g4xx_hal_hrtim.o
                0x08007838                HAL_HRTIM_WaveformCompareConfig
 .text.HAL_HRTIM_WaveformOutputConfig
                0x08007b14       0x62 ./Drivers/STM32G4xx_HAL_Driver/Src/stm32g4xx_hal_hrtim.o
                0x08007b14                HAL_HRTIM_WaveformOutputConfig
 .text.HAL_HRTIM_WaveformOutputStart
                0x08007b76       0x5a ./Drivers/STM32G4xx_HAL_Driver/Src/stm32g4xx_hal_hrtim.o
                0x08007b76                HAL_HRTIM_WaveformOutputStart
 .text.HAL_HRTIM_WaveformCountStart
                0x08007bd0       0x56 ./Drivers/STM32G4xx_HAL_Driver/Src/stm32g4xx_hal_hrtim.o
                0x08007bd0                HAL_HRTIM_WaveformCountStart
 .text.HRTIM_MasterBase_Config
                0x08007c26       0x5e ./Drivers/STM32G4xx_HAL_Driver/Src/stm32g4xx_hal_hrtim.o
 .text.HRTIM_TimingUnitBase_Config
                0x08007c84       0x80 ./Drivers/STM32G4xx_HAL_Driver/Src/stm32g4xx_hal_hrtim.o
 .text.HRTIM_MasterWaveform_Config
                0x08007d04      0x13a ./Drivers/STM32G4xx_HAL_Driver/Src/stm32g4xx_hal_hrtim.o
 *fill*         0x08007e3e        0x2 
 .text.HRTIM_TimingUnitWaveform_Config
                0x08007e40      0x30c ./Drivers/STM32G4xx_HAL_Driver/Src/stm32g4xx_hal_hrtim.o
 .text.HRTIM_TimingUnitWaveform_Control
                0x0800814c       0xc0 ./Drivers/STM32G4xx_HAL_Driver/Src/stm32g4xx_hal_hrtim.o
 .text.HRTIM_OutputConfig
                0x0800820c      0x1d0 ./Drivers/STM32G4xx_HAL_Driver/Src/stm32g4xx_hal_hrtim.o
 .text.HRTIM_ForceRegistersUpdate
                0x080083dc       0xdc ./Drivers/STM32G4xx_HAL_Driver/Src/stm32g4xx_hal_hrtim.o
 .text.HAL_PWREx_ControlVoltageScaling
                0x080084b8      0x148 ./Drivers/STM32G4xx_HAL_Driver/Src/stm32g4xx_hal_pwr_ex.o
                0x080084b8                HAL_PWREx_ControlVoltageScaling
 .text.HAL_PWREx_DisableUCPDDeadBattery
                0x08008600       0x20 ./Drivers/STM32G4xx_HAL_Driver/Src/stm32g4xx_hal_pwr_ex.o
                0x08008600                HAL_PWREx_DisableUCPDDeadBattery
 .text.HAL_RCC_OscConfig
                0x08008620      0x624 ./Drivers/STM32G4xx_HAL_Driver/Src/stm32g4xx_hal_rcc.o
                0x08008620                HAL_RCC_OscConfig
 .text.HAL_RCC_ClockConfig
                0x08008c44      0x278 ./Drivers/STM32G4xx_HAL_Driver/Src/stm32g4xx_hal_rcc.o
                0x08008c44                HAL_RCC_ClockConfig
 .text.HAL_RCC_GetSysClockFreq
                0x08008ebc       0xc4 ./Drivers/STM32G4xx_HAL_Driver/Src/stm32g4xx_hal_rcc.o
                0x08008ebc                HAL_RCC_GetSysClockFreq
 .text.HAL_RCC_GetHCLKFreq
                0x08008f80       0x18 ./Drivers/STM32G4xx_HAL_Driver/Src/stm32g4xx_hal_rcc.o
                0x08008f80                HAL_RCC_GetHCLKFreq
 .text.HAL_RCC_GetPCLK1Freq
                0x08008f98       0x2c ./Drivers/STM32G4xx_HAL_Driver/Src/stm32g4xx_hal_rcc.o
                0x08008f98                HAL_RCC_GetPCLK1Freq
 .text.HAL_RCC_GetPCLK2Freq
                0x08008fc4       0x2c ./Drivers/STM32G4xx_HAL_Driver/Src/stm32g4xx_hal_rcc.o
                0x08008fc4                HAL_RCC_GetPCLK2Freq
 .text.RCC_GetSysClockFreqFromPLLSource
                0x08008ff0       0x8c ./Drivers/STM32G4xx_HAL_Driver/Src/stm32g4xx_hal_rcc.o
 .text.HAL_RCCEx_PeriphCLKConfig
                0x0800907c      0x49c ./Drivers/STM32G4xx_HAL_Driver/Src/stm32g4xx_hal_rcc_ex.o
                0x0800907c                HAL_RCCEx_PeriphCLKConfig
 .text.HAL_UART_Init
                0x08009518       0xa0 ./Drivers/STM32G4xx_HAL_Driver/Src/stm32g4xx_hal_uart.o
                0x08009518                HAL_UART_Init
 .text.HAL_UART_Transmit
                0x080095b8      0x11c ./Drivers/STM32G4xx_HAL_Driver/Src/stm32g4xx_hal_uart.o
                0x080095b8                HAL_UART_Transmit
 .text.HAL_UART_IRQHandler
                0x080096d4      0x684 ./Drivers/STM32G4xx_HAL_Driver/Src/stm32g4xx_hal_uart.o
                0x080096d4                HAL_UART_IRQHandler
 .text.HAL_UART_TxCpltCallback
                0x08009d58       0x14 ./Drivers/STM32G4xx_HAL_Driver/Src/stm32g4xx_hal_uart.o
                0x08009d58                HAL_UART_TxCpltCallback
 .text.HAL_UART_RxCpltCallback
                0x08009d6c       0x14 ./Drivers/STM32G4xx_HAL_Driver/Src/stm32g4xx_hal_uart.o
                0x08009d6c                HAL_UART_RxCpltCallback
 .text.HAL_UART_RxHalfCpltCallback
                0x08009d80       0x14 ./Drivers/STM32G4xx_HAL_Driver/Src/stm32g4xx_hal_uart.o
                0x08009d80                HAL_UART_RxHalfCpltCallback
 .text.HAL_UART_ErrorCallback
                0x08009d94       0x14 ./Drivers/STM32G4xx_HAL_Driver/Src/stm32g4xx_hal_uart.o
                0x08009d94                HAL_UART_ErrorCallback
 .text.UART_SetConfig
                0x08009da8      0x5f8 ./Drivers/STM32G4xx_HAL_Driver/Src/stm32g4xx_hal_uart.o
                0x08009da8                UART_SetConfig
 .text.UART_AdvFeatureConfig
                0x0800a3a0      0x144 ./Drivers/STM32G4xx_HAL_Driver/Src/stm32g4xx_hal_uart.o
                0x0800a3a0                UART_AdvFeatureConfig
 .text.UART_CheckIdleState
                0x0800a4e4      0x154 ./Drivers/STM32G4xx_HAL_Driver/Src/stm32g4xx_hal_uart.o
                0x0800a4e4                UART_CheckIdleState
 .text.UART_WaitOnFlagUntilTimeout
                0x0800a638       0xda ./Drivers/STM32G4xx_HAL_Driver/Src/stm32g4xx_hal_uart.o
                0x0800a638                UART_WaitOnFlagUntilTimeout
 *fill*         0x0800a712        0x2 
 .text.UART_Start_Receive_DMA
                0x0800a714      0x14c ./Drivers/STM32G4xx_HAL_Driver/Src/stm32g4xx_hal_uart.o
                0x0800a714                UART_Start_Receive_DMA
 .text.UART_EndTxTransfer
                0x0800a860       0x82 ./Drivers/STM32G4xx_HAL_Driver/Src/stm32g4xx_hal_uart.o
 .text.UART_EndRxTransfer
                0x0800a8e2       0xcc ./Drivers/STM32G4xx_HAL_Driver/Src/stm32g4xx_hal_uart.o
 .text.UART_DMAReceiveCplt
                0x0800a9ae      0x12c ./Drivers/STM32G4xx_HAL_Driver/Src/stm32g4xx_hal_uart.o
 .text.UART_DMARxHalfCplt
                0x0800aada       0x3e ./Drivers/STM32G4xx_HAL_Driver/Src/stm32g4xx_hal_uart.o
 .text.UART_DMAError
                0x0800ab18       0x80 ./Drivers/STM32G4xx_HAL_Driver/Src/stm32g4xx_hal_uart.o
 .text.UART_DMAAbortOnError
                0x0800ab98       0x24 ./Drivers/STM32G4xx_HAL_Driver/Src/stm32g4xx_hal_uart.o
 .text.UART_EndTransmit_IT
                0x0800abbc       0x56 ./Drivers/STM32G4xx_HAL_Driver/Src/stm32g4xx_hal_uart.o
 .text.HAL_UARTEx_WakeupCallback
                0x0800ac12       0x14 ./Drivers/STM32G4xx_HAL_Driver/Src/stm32g4xx_hal_uart_ex.o
                0x0800ac12                HAL_UARTEx_WakeupCallback
 .text.HAL_UARTEx_RxFifoFullCallback
                0x0800ac26       0x14 ./Drivers/STM32G4xx_HAL_Driver/Src/stm32g4xx_hal_uart_ex.o
                0x0800ac26                HAL_UARTEx_RxFifoFullCallback
 .text.HAL_UARTEx_TxFifoEmptyCallback
                0x0800ac3a       0x14 ./Drivers/STM32G4xx_HAL_Driver/Src/stm32g4xx_hal_uart_ex.o
                0x0800ac3a                HAL_UARTEx_TxFifoEmptyCallback
 .text.HAL_UARTEx_DisableFifoMode
                0x0800ac4e       0x72 ./Drivers/STM32G4xx_HAL_Driver/Src/stm32g4xx_hal_uart_ex.o
                0x0800ac4e                HAL_UARTEx_DisableFifoMode
 .text.HAL_UARTEx_SetTxFifoThreshold
                0x0800acc0       0x7c ./Drivers/STM32G4xx_HAL_Driver/Src/stm32g4xx_hal_uart_ex.o
                0x0800acc0                HAL_UARTEx_SetTxFifoThreshold
 .text.HAL_UARTEx_SetRxFifoThreshold
                0x0800ad3c       0x7c ./Drivers/STM32G4xx_HAL_Driver/Src/stm32g4xx_hal_uart_ex.o
                0x0800ad3c                HAL_UARTEx_SetRxFifoThreshold
 .text.HAL_UARTEx_ReceiveToIdle_DMA
                0x0800adb8       0xa8 ./Drivers/STM32G4xx_HAL_Driver/Src/stm32g4xx_hal_uart_ex.o
                0x0800adb8                HAL_UARTEx_ReceiveToIdle_DMA
 .text.UARTEx_SetNbDataToProcess
                0x0800ae60       0x9c ./Drivers/STM32G4xx_HAL_Driver/Src/stm32g4xx_hal_uart_ex.o
 .text._ZN18Hardware_STM32_ADC18dmaCallbackHandlerEP17ADC_HandleTypeDef
                0x0800aefc       0x26 ./Port/Src/stm32_callback.o
                0x0800aefc                Hardware_STM32_ADC::dmaCallbackHandler(ADC_HandleTypeDef*)
 .text._ZN18Hardware_STM32_ADC17iTCallbackHandlerEP17ADC_HandleTypeDef
                0x0800af22       0x26 ./Port/Src/stm32_callback.o
                0x0800af22                Hardware_STM32_ADC::iTCallbackHandler(ADC_HandleTypeDef*)
 .text._ZN22Hardware_STM32_Message15callbackHandlerEP20__UART_HandleTypeDeft
                0x0800af48       0x4c ./Port/Src/stm32_callback.o
                0x0800af48                Hardware_STM32_Message::callbackHandler(__UART_HandleTypeDef*, unsigned short)
 .text.HAL_ADC_ConvCpltCallback
                0x0800af94       0x1c ./Port/Src/stm32_callback.o
                0x0800af94                HAL_ADC_ConvCpltCallback
 .text.HAL_ADCEx_InjectedConvCpltCallback
                0x0800afb0       0x1c ./Port/Src/stm32_callback.o
                0x0800afb0                HAL_ADCEx_InjectedConvCpltCallback
 .text.HAL_UARTEx_RxEventCallback
                0x0800afcc       0x24 ./Port/Src/stm32_callback.o
                0x0800afcc                HAL_UARTEx_RxEventCallback
 .text._ZdlPv   0x0800aff0        0x4 F:/CubeIDE/CUBEIDE/STM32CubeIDE_1.16.1/STM32CubeIDE/plugins/com.st.stm32cube.ide.mcu.externaltools.gnu-tools-for-stm32.12.3.rel1.win32_1.0.200.202406191623/tools/bin/../lib/gcc/arm-none-eabi/12.3.1/../../../../arm-none-eabi/lib/thumb/v7e-m+fp/hard\libstdc++_nano.a(del_op.o)
                0x0800aff0                operator delete(void*)
 .text._ZdlPvj  0x0800aff4        0x4 F:/CubeIDE/CUBEIDE/STM32CubeIDE_1.16.1/STM32CubeIDE/plugins/com.st.stm32cube.ide.mcu.externaltools.gnu-tools-for-stm32.12.3.rel1.win32_1.0.200.202406191623/tools/bin/../lib/gcc/arm-none-eabi/12.3.1/../../../../arm-none-eabi/lib/thumb/v7e-m+fp/hard\libstdc++_nano.a(del_ops.o)
                0x0800aff4                operator delete(void*, unsigned int)
 .text._Znwj    0x0800aff8       0x22 F:/CubeIDE/CUBEIDE/STM32CubeIDE_1.16.1/STM32CubeIDE/plugins/com.st.stm32cube.ide.mcu.externaltools.gnu-tools-for-stm32.12.3.rel1.win32_1.0.200.202406191623/tools/bin/../lib/gcc/arm-none-eabi/12.3.1/../../../../arm-none-eabi/lib/thumb/v7e-m+fp/hard\libstdc++_nano.a(new_op.o)
                0x0800aff8                operator new(unsigned int)
 .text._Znaj    0x0800b01a        0x4 F:/CubeIDE/CUBEIDE/STM32CubeIDE_1.16.1/STM32CubeIDE/plugins/com.st.stm32cube.ide.mcu.externaltools.gnu-tools-for-stm32.12.3.rel1.win32_1.0.200.202406191623/tools/bin/../lib/gcc/arm-none-eabi/12.3.1/../../../../arm-none-eabi/lib/thumb/v7e-m+fp/hard\libstdc++_nano.a(new_opv.o)
                0x0800b01a                operator new[](unsigned int)
 .text.unlikely._ZSt17__throw_bad_allocv
                0x0800b01e        0x6 F:/CubeIDE/CUBEIDE/STM32CubeIDE_1.16.1/STM32CubeIDE/plugins/com.st.stm32cube.ide.mcu.externaltools.gnu-tools-for-stm32.12.3.rel1.win32_1.0.200.202406191623/tools/bin/../lib/gcc/arm-none-eabi/12.3.1/../../../../arm-none-eabi/lib/thumb/v7e-m+fp/hard\libstdc++_nano.a(functexcept.o)
                0x0800b01e                std::__throw_bad_alloc()
 .text.unlikely._ZSt28__throw_bad_array_new_lengthv
                0x0800b024        0x6 F:/CubeIDE/CUBEIDE/STM32CubeIDE_1.16.1/STM32CubeIDE/plugins/com.st.stm32cube.ide.mcu.externaltools.gnu-tools-for-stm32.12.3.rel1.win32_1.0.200.202406191623/tools/bin/../lib/gcc/arm-none-eabi/12.3.1/../../../../arm-none-eabi/lib/thumb/v7e-m+fp/hard\libstdc++_nano.a(functexcept.o)
                0x0800b024                std::__throw_bad_array_new_length()
 .text.unlikely._ZSt20__throw_length_errorPKc
                0x0800b02a        0x6 F:/CubeIDE/CUBEIDE/STM32CubeIDE_1.16.1/STM32CubeIDE/plugins/com.st.stm32cube.ide.mcu.externaltools.gnu-tools-for-stm32.12.3.rel1.win32_1.0.200.202406191623/tools/bin/../lib/gcc/arm-none-eabi/12.3.1/../../../../arm-none-eabi/lib/thumb/v7e-m+fp/hard\libstdc++_nano.a(functexcept.o)
                0x0800b02a                std::__throw_length_error(char const*)
 .text._ZSt15get_new_handlerv
                0x0800b030       0x10 F:/CubeIDE/CUBEIDE/STM32CubeIDE_1.16.1/STM32CubeIDE/plugins/com.st.stm32cube.ide.mcu.externaltools.gnu-tools-for-stm32.12.3.rel1.win32_1.0.200.202406191623/tools/bin/../lib/gcc/arm-none-eabi/12.3.1/../../../../arm-none-eabi/lib/thumb/v7e-m+fp/hard\libstdc++_nano.a(new_handler.o)
                0x0800b030                std::get_new_handler()
 .text.abort    0x0800b040        0xe F:/CubeIDE/CUBEIDE/STM32CubeIDE_1.16.1/STM32CubeIDE/plugins/com.st.stm32cube.ide.mcu.externaltools.gnu-tools-for-stm32.12.3.rel1.win32_1.0.200.202406191623/tools/bin/../lib/gcc/arm-none-eabi/12.3.1/../../../../arm-none-eabi/lib/thumb/v7e-m+fp/hard\libc_nano.a(libc_a-abort.o)
                0x0800b040                abort
 *fill*         0x0800b04e        0x2 
 .text.malloc   0x0800b050       0x10 F:/CubeIDE/CUBEIDE/STM32CubeIDE_1.16.1/STM32CubeIDE/plugins/com.st.stm32cube.ide.mcu.externaltools.gnu-tools-for-stm32.12.3.rel1.win32_1.0.200.202406191623/tools/bin/../lib/gcc/arm-none-eabi/12.3.1/../../../../arm-none-eabi/lib/thumb/v7e-m+fp/hard\libc_nano.a(libc_a-malloc.o)
                0x0800b050                malloc
 .text.free     0x0800b060       0x10 F:/CubeIDE/CUBEIDE/STM32CubeIDE_1.16.1/STM32CubeIDE/plugins/com.st.stm32cube.ide.mcu.externaltools.gnu-tools-for-stm32.12.3.rel1.win32_1.0.200.202406191623/tools/bin/../lib/gcc/arm-none-eabi/12.3.1/../../../../arm-none-eabi/lib/thumb/v7e-m+fp/hard\libc_nano.a(libc_a-malloc.o)
                0x0800b060                free
 .text.sbrk_aligned
                0x0800b070       0x44 F:/CubeIDE/CUBEIDE/STM32CubeIDE_1.16.1/STM32CubeIDE/plugins/com.st.stm32cube.ide.mcu.externaltools.gnu-tools-for-stm32.12.3.rel1.win32_1.0.200.202406191623/tools/bin/../lib/gcc/arm-none-eabi/12.3.1/../../../../arm-none-eabi/lib/thumb/v7e-m+fp/hard\libc_nano.a(libc_a-mallocr.o)
 .text._malloc_r
                0x0800b0b4      0x100 F:/CubeIDE/CUBEIDE/STM32CubeIDE_1.16.1/STM32CubeIDE/plugins/com.st.stm32cube.ide.mcu.externaltools.gnu-tools-for-stm32.12.3.rel1.win32_1.0.200.202406191623/tools/bin/../lib/gcc/arm-none-eabi/12.3.1/../../../../arm-none-eabi/lib/thumb/v7e-m+fp/hard\libc_nano.a(libc_a-mallocr.o)
                0x0800b0b4                _malloc_r
 .text.__malloc_lock
                0x0800b1b4        0xc F:/CubeIDE/CUBEIDE/STM32CubeIDE_1.16.1/STM32CubeIDE/plugins/com.st.stm32cube.ide.mcu.externaltools.gnu-tools-for-stm32.12.3.rel1.win32_1.0.200.202406191623/tools/bin/../lib/gcc/arm-none-eabi/12.3.1/../../../../arm-none-eabi/lib/thumb/v7e-m+fp/hard\libc_nano.a(libc_a-mlock.o)
                0x0800b1b4                __malloc_lock
 .text.__malloc_unlock
                0x0800b1c0        0xc F:/CubeIDE/CUBEIDE/STM32CubeIDE_1.16.1/STM32CubeIDE/plugins/com.st.stm32cube.ide.mcu.externaltools.gnu-tools-for-stm32.12.3.rel1.win32_1.0.200.202406191623/tools/bin/../lib/gcc/arm-none-eabi/12.3.1/../../../../arm-none-eabi/lib/thumb/v7e-m+fp/hard\libc_nano.a(libc_a-mlock.o)
                0x0800b1c0                __malloc_unlock
 .text.__cvt    0x0800b1cc       0xca F:/CubeIDE/CUBEIDE/STM32CubeIDE_1.16.1/STM32CubeIDE/plugins/com.st.stm32cube.ide.mcu.externaltools.gnu-tools-for-stm32.12.3.rel1.win32_1.0.200.202406191623/tools/bin/../lib/gcc/arm-none-eabi/12.3.1/../../../../arm-none-eabi/lib/thumb/v7e-m+fp/hard\libc_nano.a(libc_a-nano-vfprintf_float.o)
                0x0800b1cc                __cvt
 .text.__exponent
                0x0800b296       0x74 F:/CubeIDE/CUBEIDE/STM32CubeIDE_1.16.1/STM32CubeIDE/plugins/com.st.stm32cube.ide.mcu.externaltools.gnu-tools-for-stm32.12.3.rel1.win32_1.0.200.202406191623/tools/bin/../lib/gcc/arm-none-eabi/12.3.1/../../../../arm-none-eabi/lib/thumb/v7e-m+fp/hard\libc_nano.a(libc_a-nano-vfprintf_float.o)
                0x0800b296                __exponent
 *fill*         0x0800b30a        0x2 
 .text._printf_float
                0x0800b30c      0x454 F:/CubeIDE/CUBEIDE/STM32CubeIDE_1.16.1/STM32CubeIDE/plugins/com.st.stm32cube.ide.mcu.externaltools.gnu-tools-for-stm32.12.3.rel1.win32_1.0.200.202406191623/tools/bin/../lib/gcc/arm-none-eabi/12.3.1/../../../../arm-none-eabi/lib/thumb/v7e-m+fp/hard\libc_nano.a(libc_a-nano-vfprintf_float.o)
                0x0800b30c                _printf_float
 .text._printf_common
                0x0800b760       0xda F:/CubeIDE/CUBEIDE/STM32CubeIDE_1.16.1/STM32CubeIDE/plugins/com.st.stm32cube.ide.mcu.externaltools.gnu-tools-for-stm32.12.3.rel1.win32_1.0.200.202406191623/tools/bin/../lib/gcc/arm-none-eabi/12.3.1/../../../../arm-none-eabi/lib/thumb/v7e-m+fp/hard\libc_nano.a(libc_a-nano-vfprintf_i.o)
                0x0800b760                _printf_common
 *fill*         0x0800b83a        0x2 
 .text._printf_i
                0x0800b83c      0x240 F:/CubeIDE/CUBEIDE/STM32CubeIDE_1.16.1/STM32CubeIDE/plugins/com.st.stm32cube.ide.mcu.externaltools.gnu-tools-for-stm32.12.3.rel1.win32_1.0.200.202406191623/tools/bin/../lib/gcc/arm-none-eabi/12.3.1/../../../../arm-none-eabi/lib/thumb/v7e-m+fp/hard\libc_nano.a(libc_a-nano-vfprintf_i.o)
                0x0800b83c                _printf_i
 .text._scanf_float
                0x0800ba7c      0x428 F:/CubeIDE/CUBEIDE/STM32CubeIDE_1.16.1/STM32CubeIDE/plugins/com.st.stm32cube.ide.mcu.externaltools.gnu-tools-for-stm32.12.3.rel1.win32_1.0.200.202406191623/tools/bin/../lib/gcc/arm-none-eabi/12.3.1/../../../../arm-none-eabi/lib/thumb/v7e-m+fp/hard\libc_nano.a(libc_a-nano-vfscanf_float.o)
                0x0800ba7c                _scanf_float
 .text.std      0x0800bea4       0x6c F:/CubeIDE/CUBEIDE/STM32CubeIDE_1.16.1/STM32CubeIDE/plugins/com.st.stm32cube.ide.mcu.externaltools.gnu-tools-for-stm32.12.3.rel1.win32_1.0.200.202406191623/tools/bin/../lib/gcc/arm-none-eabi/12.3.1/../../../../arm-none-eabi/lib/thumb/v7e-m+fp/hard\libc_nano.a(libc_a-findfp.o)
 .text.stdio_exit_handler
                0x0800bf10       0x18 F:/CubeIDE/CUBEIDE/STM32CubeIDE_1.16.1/STM32CubeIDE/plugins/com.st.stm32cube.ide.mcu.externaltools.gnu-tools-for-stm32.12.3.rel1.win32_1.0.200.202406191623/tools/bin/../lib/gcc/arm-none-eabi/12.3.1/../../../../arm-none-eabi/lib/thumb/v7e-m+fp/hard\libc_nano.a(libc_a-findfp.o)
 .text.cleanup_stdio
                0x0800bf28       0x40 F:/CubeIDE/CUBEIDE/STM32CubeIDE_1.16.1/STM32CubeIDE/plugins/com.st.stm32cube.ide.mcu.externaltools.gnu-tools-for-stm32.12.3.rel1.win32_1.0.200.202406191623/tools/bin/../lib/gcc/arm-none-eabi/12.3.1/../../../../arm-none-eabi/lib/thumb/v7e-m+fp/hard\libc_nano.a(libc_a-findfp.o)
 .text.global_stdio_init.part.0
                0x0800bf68       0x3c F:/CubeIDE/CUBEIDE/STM32CubeIDE_1.16.1/STM32CubeIDE/plugins/com.st.stm32cube.ide.mcu.externaltools.gnu-tools-for-stm32.12.3.rel1.win32_1.0.200.202406191623/tools/bin/../lib/gcc/arm-none-eabi/12.3.1/../../../../arm-none-eabi/lib/thumb/v7e-m+fp/hard\libc_nano.a(libc_a-findfp.o)
 .text.__sfp_lock_acquire
                0x0800bfa4        0xc F:/CubeIDE/CUBEIDE/STM32CubeIDE_1.16.1/STM32CubeIDE/plugins/com.st.stm32cube.ide.mcu.externaltools.gnu-tools-for-stm32.12.3.rel1.win32_1.0.200.202406191623/tools/bin/../lib/gcc/arm-none-eabi/12.3.1/../../../../arm-none-eabi/lib/thumb/v7e-m+fp/hard\libc_nano.a(libc_a-findfp.o)
                0x0800bfa4                __sfp_lock_acquire
 .text.__sfp_lock_release
                0x0800bfb0        0xc F:/CubeIDE/CUBEIDE/STM32CubeIDE_1.16.1/STM32CubeIDE/plugins/com.st.stm32cube.ide.mcu.externaltools.gnu-tools-for-stm32.12.3.rel1.win32_1.0.200.202406191623/tools/bin/../lib/gcc/arm-none-eabi/12.3.1/../../../../arm-none-eabi/lib/thumb/v7e-m+fp/hard\libc_nano.a(libc_a-findfp.o)
                0x0800bfb0                __sfp_lock_release
 .text.__sinit  0x0800bfbc       0x30 F:/CubeIDE/CUBEIDE/STM32CubeIDE_1.16.1/STM32CubeIDE/plugins/com.st.stm32cube.ide.mcu.externaltools.gnu-tools-for-stm32.12.3.rel1.win32_1.0.200.202406191623/tools/bin/../lib/gcc/arm-none-eabi/12.3.1/../../../../arm-none-eabi/lib/thumb/v7e-m+fp/hard\libc_nano.a(libc_a-findfp.o)
                0x0800bfbc                __sinit
 .text._fwalk_sglue
                0x0800bfec       0x3c F:/CubeIDE/CUBEIDE/STM32CubeIDE_1.16.1/STM32CubeIDE/plugins/com.st.stm32cube.ide.mcu.externaltools.gnu-tools-for-stm32.12.3.rel1.win32_1.0.200.202406191623/tools/bin/../lib/gcc/arm-none-eabi/12.3.1/../../../../arm-none-eabi/lib/thumb/v7e-m+fp/hard\libc_nano.a(libc_a-fwalk.o)
                0x0800bfec                _fwalk_sglue
 .text.sprintf  0x0800c028       0x40 F:/CubeIDE/CUBEIDE/STM32CubeIDE_1.16.1/STM32CubeIDE/plugins/com.st.stm32cube.ide.mcu.externaltools.gnu-tools-for-stm32.12.3.rel1.win32_1.0.200.202406191623/tools/bin/../lib/gcc/arm-none-eabi/12.3.1/../../../../arm-none-eabi/lib/thumb/v7e-m+fp/hard\libc_nano.a(libc_a-sprintf.o)
                0x0800c028                siprintf
                0x0800c028                sprintf
 .text.__sread  0x0800c068       0x22 F:/CubeIDE/CUBEIDE/STM32CubeIDE_1.16.1/STM32CubeIDE/plugins/com.st.stm32cube.ide.mcu.externaltools.gnu-tools-for-stm32.12.3.rel1.win32_1.0.200.202406191623/tools/bin/../lib/gcc/arm-none-eabi/12.3.1/../../../../arm-none-eabi/lib/thumb/v7e-m+fp/hard\libc_nano.a(libc_a-stdio.o)
                0x0800c068                __sread
 .text.__swrite
                0x0800c08a       0x38 F:/CubeIDE/CUBEIDE/STM32CubeIDE_1.16.1/STM32CubeIDE/plugins/com.st.stm32cube.ide.mcu.externaltools.gnu-tools-for-stm32.12.3.rel1.win32_1.0.200.202406191623/tools/bin/../lib/gcc/arm-none-eabi/12.3.1/../../../../arm-none-eabi/lib/thumb/v7e-m+fp/hard\libc_nano.a(libc_a-stdio.o)
                0x0800c08a                __swrite
 .text.__sseek  0x0800c0c2       0x24 F:/CubeIDE/CUBEIDE/STM32CubeIDE_1.16.1/STM32CubeIDE/plugins/com.st.stm32cube.ide.mcu.externaltools.gnu-tools-for-stm32.12.3.rel1.win32_1.0.200.202406191623/tools/bin/../lib/gcc/arm-none-eabi/12.3.1/../../../../arm-none-eabi/lib/thumb/v7e-m+fp/hard\libc_nano.a(libc_a-stdio.o)
                0x0800c0c2                __sseek
 .text.__sclose
                0x0800c0e6        0x8 F:/CubeIDE/CUBEIDE/STM32CubeIDE_1.16.1/STM32CubeIDE/plugins/com.st.stm32cube.ide.mcu.externaltools.gnu-tools-for-stm32.12.3.rel1.win32_1.0.200.202406191623/tools/bin/../lib/gcc/arm-none-eabi/12.3.1/../../../../arm-none-eabi/lib/thumb/v7e-m+fp/hard\libc_nano.a(libc_a-stdio.o)
                0x0800c0e6                __sclose
 .text.__swbuf_r
                0x0800c0ee       0x7c F:/CubeIDE/CUBEIDE/STM32CubeIDE_1.16.1/STM32CubeIDE/plugins/com.st.stm32cube.ide.mcu.externaltools.gnu-tools-for-stm32.12.3.rel1.win32_1.0.200.202406191623/tools/bin/../lib/gcc/arm-none-eabi/12.3.1/../../../../arm-none-eabi/lib/thumb/v7e-m+fp/hard\libc_nano.a(libc_a-wbuf.o)
                0x0800c0ee                __swbuf_r
 *fill*         0x0800c16a        0x2 
 .text.__swsetup_r
                0x0800c16c       0xac F:/CubeIDE/CUBEIDE/STM32CubeIDE_1.16.1/STM32CubeIDE/plugins/com.st.stm32cube.ide.mcu.externaltools.gnu-tools-for-stm32.12.3.rel1.win32_1.0.200.202406191623/tools/bin/../lib/gcc/arm-none-eabi/12.3.1/../../../../arm-none-eabi/lib/thumb/v7e-m+fp/hard\libc_nano.a(libc_a-wsetup.o)
                0x0800c16c                __swsetup_r
 .text.memset   0x0800c218       0x10 F:/CubeIDE/CUBEIDE/STM32CubeIDE_1.16.1/STM32CubeIDE/plugins/com.st.stm32cube.ide.mcu.externaltools.gnu-tools-for-stm32.12.3.rel1.win32_1.0.200.202406191623/tools/bin/../lib/gcc/arm-none-eabi/12.3.1/../../../../arm-none-eabi/lib/thumb/v7e-m+fp/hard\libc_nano.a(libc_a-memset.o)
                0x0800c218                memset
 .text._raise_r
                0x0800c228       0x50 F:/CubeIDE/CUBEIDE/STM32CubeIDE_1.16.1/STM32CubeIDE/plugins/com.st.stm32cube.ide.mcu.externaltools.gnu-tools-for-stm32.12.3.rel1.win32_1.0.200.202406191623/tools/bin/../lib/gcc/arm-none-eabi/12.3.1/../../../../arm-none-eabi/lib/thumb/v7e-m+fp/hard\libc_nano.a(libc_a-signal.o)
                0x0800c228                _raise_r
 .text.raise    0x0800c278       0x10 F:/CubeIDE/CUBEIDE/STM32CubeIDE_1.16.1/STM32CubeIDE/plugins/com.st.stm32cube.ide.mcu.externaltools.gnu-tools-for-stm32.12.3.rel1.win32_1.0.200.202406191623/tools/bin/../lib/gcc/arm-none-eabi/12.3.1/../../../../arm-none-eabi/lib/thumb/v7e-m+fp/hard\libc_nano.a(libc_a-signal.o)
                0x0800c278                raise
 .text._localeconv_r
                0x0800c288        0x8 F:/CubeIDE/CUBEIDE/STM32CubeIDE_1.16.1/STM32CubeIDE/plugins/com.st.stm32cube.ide.mcu.externaltools.gnu-tools-for-stm32.12.3.rel1.win32_1.0.200.202406191623/tools/bin/../lib/gcc/arm-none-eabi/12.3.1/../../../../arm-none-eabi/lib/thumb/v7e-m+fp/hard\libc_nano.a(libc_a-localeconv.o)
                0x0800c288                _localeconv_r
 .text._close_r
                0x0800c290       0x20 F:/CubeIDE/CUBEIDE/STM32CubeIDE_1.16.1/STM32CubeIDE/plugins/com.st.stm32cube.ide.mcu.externaltools.gnu-tools-for-stm32.12.3.rel1.win32_1.0.200.202406191623/tools/bin/../lib/gcc/arm-none-eabi/12.3.1/../../../../arm-none-eabi/lib/thumb/v7e-m+fp/hard\libc_nano.a(libc_a-closer.o)
                0x0800c290                _close_r
 .text._lseek_r
                0x0800c2b0       0x24 F:/CubeIDE/CUBEIDE/STM32CubeIDE_1.16.1/STM32CubeIDE/plugins/com.st.stm32cube.ide.mcu.externaltools.gnu-tools-for-stm32.12.3.rel1.win32_1.0.200.202406191623/tools/bin/../lib/gcc/arm-none-eabi/12.3.1/../../../../arm-none-eabi/lib/thumb/v7e-m+fp/hard\libc_nano.a(libc_a-lseekr.o)
                0x0800c2b0                _lseek_r
 .text._read_r  0x0800c2d4       0x24 F:/CubeIDE/CUBEIDE/STM32CubeIDE_1.16.1/STM32CubeIDE/plugins/com.st.stm32cube.ide.mcu.externaltools.gnu-tools-for-stm32.12.3.rel1.win32_1.0.200.202406191623/tools/bin/../lib/gcc/arm-none-eabi/12.3.1/../../../../arm-none-eabi/lib/thumb/v7e-m+fp/hard\libc_nano.a(libc_a-readr.o)
                0x0800c2d4                _read_r
 .text._kill_r  0x0800c2f8       0x24 F:/CubeIDE/CUBEIDE/STM32CubeIDE_1.16.1/STM32CubeIDE/plugins/com.st.stm32cube.ide.mcu.externaltools.gnu-tools-for-stm32.12.3.rel1.win32_1.0.200.202406191623/tools/bin/../lib/gcc/arm-none-eabi/12.3.1/../../../../arm-none-eabi/lib/thumb/v7e-m+fp/hard\libc_nano.a(libc_a-signalr.o)
                0x0800c2f8                _kill_r
 .text._getpid_r